ARM GAS  C:\Users\ALESSA~1\AppData\Local\Temp\cckvnH6d.s 			page 1


   1              		.syntax unified
   2              		.cpu cortex-m3
   3              		.fpu softvfp
   4              		.eabi_attribute 20, 1
   5              		.eabi_attribute 21, 1
   6              		.eabi_attribute 23, 3
   7              		.eabi_attribute 24, 1
   8              		.eabi_attribute 25, 1
   9              		.eabi_attribute 26, 1
  10              		.eabi_attribute 30, 1
  11              		.eabi_attribute 34, 1
  12              		.eabi_attribute 18, 4
  13              		.thumb
  14              		.syntax unified
  15              		.file	"cymetadata.c"
  16              		.text
  17              	.Ltext0:
  18              		.cfi_sections	.debug_frame
  19              		.global	cy_metadata
  20              		.global	cy_meta_flashprotect
  21              		.global	cy_meta_wonvl
  22              		.global	cy_meta_custnvl
  23              		.global	cy_meta_configecc
  24              		.section	.cyconfigecc,"a",%progbits
  25              		.align	2
  26              		.type	cy_meta_configecc, %object
  27              		.size	cy_meta_configecc, 1416
  28              	cy_meta_configecc:
  29 0000 02       		.byte	2
  30 0001 4F       		.byte	79
  31 0002 00       		.byte	0
  32 0003 40       		.byte	64
  33 0004 01       		.byte	1
  34 0005 52       		.byte	82
  35 0006 00       		.byte	0
  36 0007 40       		.byte	64
  37 0008 02       		.byte	2
  38 0009 64       		.byte	100
  39 000a 00       		.byte	0
  40 000b 40       		.byte	64
  41 000c 01       		.byte	1
  42 000d 65       		.byte	101
  43 000e 00       		.byte	0
  44 000f 40       		.byte	64
  45 0010 04       		.byte	4
  46 0011 00       		.byte	0
  47 0012 01       		.byte	1
  48 0013 40       		.byte	64
  49 0014 01       		.byte	1
  50 0015 01       		.byte	1
  51 0016 01       		.byte	1
  52 0017 40       		.byte	64
  53 0018 01       		.byte	1
  54 0019 03       		.byte	3
  55 001a 01       		.byte	1
  56 001b 40       		.byte	64
  57 001c 04       		.byte	4
ARM GAS  C:\Users\ALESSA~1\AppData\Local\Temp\cckvnH6d.s 			page 2


  58 001d 05       		.byte	5
  59 001e 01       		.byte	1
  60 001f 40       		.byte	64
  61 0020 01       		.byte	1
  62 0021 07       		.byte	7
  63 0022 01       		.byte	1
  64 0023 40       		.byte	64
  65 0024 3F       		.byte	63
  66 0025 08       		.byte	8
  67 0026 01       		.byte	1
  68 0027 40       		.byte	64
  69 0028 43       		.byte	67
  70 0029 09       		.byte	9
  71 002a 01       		.byte	1
  72 002b 40       		.byte	64
  73 002c 3D       		.byte	61
  74 002d 0A       		.byte	10
  75 002e 01       		.byte	1
  76 002f 40       		.byte	64
  77 0030 34       		.byte	52
  78 0031 0B       		.byte	11
  79 0032 01       		.byte	1
  80 0033 40       		.byte	64
  81 0034 02       		.byte	2
  82 0035 0D       		.byte	13
  83 0036 01       		.byte	1
  84 0037 40       		.byte	64
  85 0038 02       		.byte	2
  86 0039 15       		.byte	21
  87 003a 01       		.byte	1
  88 003b 40       		.byte	64
  89 003c 5F       		.byte	95
  90 003d 18       		.byte	24
  91 003e 01       		.byte	1
  92 003f 40       		.byte	64
  93 0040 45       		.byte	69
  94 0041 19       		.byte	25
  95 0042 01       		.byte	1
  96 0043 40       		.byte	64
  97 0044 4C       		.byte	76
  98 0045 1A       		.byte	26
  99 0046 01       		.byte	1
 100 0047 40       		.byte	64
 101 0048 41       		.byte	65
 102 0049 1B       		.byte	27
 103 004a 01       		.byte	1
 104 004b 40       		.byte	64
 105 004c 05       		.byte	5
 106 004d 40       		.byte	64
 107 004e 01       		.byte	1
 108 004f 40       		.byte	64
 109 0050 09       		.byte	9
 110 0051 41       		.byte	65
 111 0052 01       		.byte	1
 112 0053 40       		.byte	64
 113 0054 0D       		.byte	13
 114 0055 42       		.byte	66
ARM GAS  C:\Users\ALESSA~1\AppData\Local\Temp\cckvnH6d.s 			page 3


 115 0056 01       		.byte	1
 116 0057 40       		.byte	64
 117 0058 04       		.byte	4
 118 0059 43       		.byte	67
 119 005a 01       		.byte	1
 120 005b 40       		.byte	64
 121 005c 02       		.byte	2
 122 005d 44       		.byte	68
 123 005e 01       		.byte	1
 124 005f 40       		.byte	64
 125 0060 04       		.byte	4
 126 0061 45       		.byte	69
 127 0062 01       		.byte	1
 128 0063 40       		.byte	64
 129 0064 01       		.byte	1
 130 0065 46       		.byte	70
 131 0066 01       		.byte	1
 132 0067 40       		.byte	64
 133 0068 02       		.byte	2
 134 0069 48       		.byte	72
 135 006a 01       		.byte	1
 136 006b 40       		.byte	64
 137 006c 05       		.byte	5
 138 006d 49       		.byte	73
 139 006e 01       		.byte	1
 140 006f 40       		.byte	64
 141 0070 04       		.byte	4
 142 0071 4D       		.byte	77
 143 0072 01       		.byte	1
 144 0073 40       		.byte	64
 145 0074 04       		.byte	4
 146 0075 50       		.byte	80
 147 0076 01       		.byte	1
 148 0077 40       		.byte	64
 149 0078 02       		.byte	2
 150 0079 51       		.byte	81
 151 007a 01       		.byte	1
 152 007b 40       		.byte	64
 153 007c 01       		.byte	1
 154 007d 10       		.byte	16
 155 007e 0A       		.byte	10
 156 007f 4B       		.byte	75
 157 0080 64       		.byte	100
 158 0081 40       		.byte	64
 159 0082 89       		.byte	-119
 160 0083 76       		.byte	118
 161 0084 8B       		.byte	-117
 162 0085 38       		.byte	56
 163 0086 8B       		.byte	-117
 164 0087 0F       		.byte	15
 165 0088 B9       		.byte	-71
 166 0089 08       		.byte	8
 167 008a BF       		.byte	-65
 168 008b 04       		.byte	4
 169 008c D9       		.byte	-39
 170 008d 04       		.byte	4
 171 008e DF       		.byte	-33
ARM GAS  C:\Users\ALESSA~1\AppData\Local\Temp\cckvnH6d.s 			page 4


 172 008f 01       		.byte	1
 173 0090 27       		.byte	39
 174 0091 20       		.byte	32
 175 0092 AB       		.byte	-85
 176 0093 20       		.byte	32
 177 0094 E2       		.byte	-30
 178 0095 08       		.byte	8
 179 0096 E4       		.byte	-28
 180 0097 10       		.byte	16
 181 0098 EA       		.byte	-22
 182 0099 02       		.byte	2
 183 009a EC       		.byte	-20
 184 009b 08       		.byte	8
 185 009c EE       		.byte	-18
 186 009d 08       		.byte	8
 187 009e 04       		.byte	4
 188 009f 0C       		.byte	12
 189 00a0 05       		.byte	5
 190 00a1 04       		.byte	4
 191 00a2 06       		.byte	6
 192 00a3 03       		.byte	3
 193 00a4 0D       		.byte	13
 194 00a5 04       		.byte	4
 195 00a6 0E       		.byte	14
 196 00a7 0C       		.byte	12
 197 00a8 11       		.byte	17
 198 00a9 02       		.byte	2
 199 00aa 12       		.byte	18
 200 00ab 08       		.byte	8
 201 00ac 15       		.byte	21
 202 00ad 02       		.byte	2
 203 00ae 18       		.byte	24
 204 00af 01       		.byte	1
 205 00b0 1A       		.byte	26
 206 00b1 06       		.byte	6
 207 00b2 1E       		.byte	30
 208 00b3 03       		.byte	3
 209 00b4 1F       		.byte	31
 210 00b5 01       		.byte	1
 211 00b6 21       		.byte	33
 212 00b7 02       		.byte	2
 213 00b8 27       		.byte	39
 214 00b9 01       		.byte	1
 215 00ba 28       		.byte	40
 216 00bb 01       		.byte	1
 217 00bc 29       		.byte	41
 218 00bd 02       		.byte	2
 219 00be 2A       		.byte	42
 220 00bf 0E       		.byte	14
 221 00c0 32       		.byte	50
 222 00c1 0F       		.byte	15
 223 00c2 33       		.byte	51
 224 00c3 01       		.byte	1
 225 00c4 35       		.byte	53
 226 00c5 06       		.byte	6
 227 00c6 39       		.byte	57
 228 00c7 20       		.byte	32
ARM GAS  C:\Users\ALESSA~1\AppData\Local\Temp\cckvnH6d.s 			page 5


 229 00c8 3A       		.byte	58
 230 00c9 08       		.byte	8
 231 00ca 3F       		.byte	63
 232 00cb 04       		.byte	4
 233 00cc 58       		.byte	88
 234 00cd 04       		.byte	4
 235 00ce 59       		.byte	89
 236 00cf 04       		.byte	4
 237 00d0 5F       		.byte	95
 238 00d1 01       		.byte	1
 239 00d2 81       		.byte	-127
 240 00d3 03       		.byte	3
 241 00d4 84       		.byte	-124
 242 00d5 0F       		.byte	15
 243 00d6 85       		.byte	-123
 244 00d7 01       		.byte	1
 245 00d8 87       		.byte	-121
 246 00d9 02       		.byte	2
 247 00da 89       		.byte	-119
 248 00db 01       		.byte	1
 249 00dc 8A       		.byte	-118
 250 00dd 0C       		.byte	12
 251 00de 8B       		.byte	-117
 252 00df 02       		.byte	2
 253 00e0 8D       		.byte	-115
 254 00e1 04       		.byte	4
 255 00e2 8E       		.byte	-114
 256 00e3 03       		.byte	3
 257 00e4 90       		.byte	-112
 258 00e5 03       		.byte	3
 259 00e6 91       		.byte	-111
 260 00e7 01       		.byte	1
 261 00e8 92       		.byte	-110
 262 00e9 0C       		.byte	12
 263 00ea 93       		.byte	-109
 264 00eb 02       		.byte	2
 265 00ec 94       		.byte	-108
 266 00ed 0F       		.byte	15
 267 00ee 95       		.byte	-107
 268 00ef 04       		.byte	4
 269 00f0 98       		.byte	-104
 270 00f1 01       		.byte	1
 271 00f2 99       		.byte	-103
 272 00f3 01       		.byte	1
 273 00f4 9B       		.byte	-101
 274 00f5 02       		.byte	2
 275 00f6 9C       		.byte	-100
 276 00f7 02       		.byte	2
 277 00f8 A0       		.byte	-96
 278 00f9 0C       		.byte	12
 279 00fa A1       		.byte	-95
 280 00fb 04       		.byte	4
 281 00fc A2       		.byte	-94
 282 00fd 03       		.byte	3
 283 00fe A4       		.byte	-92
 284 00ff 08       		.byte	8
 285 0100 A8       		.byte	-88
ARM GAS  C:\Users\ALESSA~1\AppData\Local\Temp\cckvnH6d.s 			page 6


 286 0101 04       		.byte	4
 287 0102 A9       		.byte	-87
 288 0103 04       		.byte	4
 289 0104 AC       		.byte	-84
 290 0105 03       		.byte	3
 291 0106 B0       		.byte	-80
 292 0107 0F       		.byte	15
 293 0108 B1       		.byte	-79
 294 0109 04       		.byte	4
 295 010a B5       		.byte	-75
 296 010b 03       		.byte	3
 297 010c BA       		.byte	-70
 298 010d 02       		.byte	2
 299 010e BF       		.byte	-65
 300 010f 01       		.byte	1
 301 0110 D6       		.byte	-42
 302 0111 02       		.byte	2
 303 0112 D7       		.byte	-41
 304 0113 13       		.byte	19
 305 0114 D8       		.byte	-40
 306 0115 04       		.byte	4
 307 0116 D9       		.byte	-39
 308 0117 04       		.byte	4
 309 0118 DB       		.byte	-37
 310 0119 04       		.byte	4
 311 011a DF       		.byte	-33
 312 011b 01       		.byte	1
 313 011c 00       		.byte	0
 314 011d 80       		.byte	-128
 315 011e 02       		.byte	2
 316 011f 10       		.byte	16
 317 0120 03       		.byte	3
 318 0121 04       		.byte	4
 319 0122 05       		.byte	5
 320 0123 44       		.byte	68
 321 0124 08       		.byte	8
 322 0125 24       		.byte	36
 323 0126 0A       		.byte	10
 324 0127 41       		.byte	65
 325 0128 0E       		.byte	14
 326 0129 04       		.byte	4
 327 012a 0F       		.byte	15
 328 012b 82       		.byte	-126
 329 012c 12       		.byte	18
 330 012d 41       		.byte	65
 331 012e 13       		.byte	19
 332 012f 14       		.byte	20
 333 0130 17       		.byte	23
 334 0131 10       		.byte	16
 335 0132 19       		.byte	25
 336 0133 01       		.byte	1
 337 0134 1A       		.byte	26
 338 0135 40       		.byte	64
 339 0136 1D       		.byte	29
 340 0137 04       		.byte	4
 341 0138 1F       		.byte	31
 342 0139 08       		.byte	8
ARM GAS  C:\Users\ALESSA~1\AppData\Local\Temp\cckvnH6d.s 			page 7


 343 013a 21       		.byte	33
 344 013b 10       		.byte	16
 345 013c 22       		.byte	34
 346 013d 01       		.byte	1
 347 013e 24       		.byte	36
 348 013f 04       		.byte	4
 349 0140 25       		.byte	37
 350 0141 20       		.byte	32
 351 0142 26       		.byte	38
 352 0143 04       		.byte	4
 353 0144 27       		.byte	39
 354 0145 04       		.byte	4
 355 0146 28       		.byte	40
 356 0147 40       		.byte	64
 357 0148 29       		.byte	41
 358 0149 21       		.byte	33
 359 014a 2A       		.byte	42
 360 014b 10       		.byte	16
 361 014c 2D       		.byte	45
 362 014d 20       		.byte	32
 363 014e 2F       		.byte	47
 364 014f 50       		.byte	80
 365 0150 30       		.byte	48
 366 0151 06       		.byte	6
 367 0152 31       		.byte	49
 368 0153 20       		.byte	32
 369 0154 32       		.byte	50
 370 0155 04       		.byte	4
 371 0156 34       		.byte	52
 372 0157 04       		.byte	4
 373 0158 35       		.byte	53
 374 0159 01       		.byte	1
 375 015a 37       		.byte	55
 376 015b 80       		.byte	-128
 377 015c 38       		.byte	56
 378 015d 80       		.byte	-128
 379 015e 39       		.byte	57
 380 015f 15       		.byte	21
 381 0160 3A       		.byte	58
 382 0161 40       		.byte	64
 383 0162 3B       		.byte	59
 384 0163 80       		.byte	-128
 385 0164 3C       		.byte	60
 386 0165 04       		.byte	4
 387 0166 3F       		.byte	63
 388 0167 40       		.byte	64
 389 0168 5A       		.byte	90
 390 0169 02       		.byte	2
 391 016a 68       		.byte	104
 392 016b 02       		.byte	2
 393 016c 69       		.byte	105
 394 016d 55       		.byte	85
 395 016e 72       		.byte	114
 396 016f 08       		.byte	8
 397 0170 73       		.byte	115
 398 0171 54       		.byte	84
 399 0172 88       		.byte	-120
ARM GAS  C:\Users\ALESSA~1\AppData\Local\Temp\cckvnH6d.s 			page 8


 400 0173 40       		.byte	64
 401 0174 89       		.byte	-119
 402 0175 10       		.byte	16
 403 0176 90       		.byte	-112
 404 0177 80       		.byte	-128
 405 0178 94       		.byte	-108
 406 0179 08       		.byte	8
 407 017a 96       		.byte	-106
 408 017b 24       		.byte	36
 409 017c 97       		.byte	-105
 410 017d 16       		.byte	22
 411 017e 99       		.byte	-103
 412 017f 40       		.byte	64
 413 0180 9B       		.byte	-101
 414 0181 10       		.byte	16
 415 0182 9C       		.byte	-100
 416 0183 60       		.byte	96
 417 0184 9D       		.byte	-99
 418 0185 22       		.byte	34
 419 0186 9E       		.byte	-98
 420 0187 10       		.byte	16
 421 0188 9F       		.byte	-97
 422 0189 04       		.byte	4
 423 018a A2       		.byte	-94
 424 018b 02       		.byte	2
 425 018c A4       		.byte	-92
 426 018d 40       		.byte	64
 427 018e A6       		.byte	-90
 428 018f 80       		.byte	-128
 429 0190 A7       		.byte	-89
 430 0191 4B       		.byte	75
 431 0192 AE       		.byte	-82
 432 0193 04       		.byte	4
 433 0194 C0       		.byte	-64
 434 0195 A7       		.byte	-89
 435 0196 C2       		.byte	-62
 436 0197 DF       		.byte	-33
 437 0198 C4       		.byte	-60
 438 0199 4F       		.byte	79
 439 019a CA       		.byte	-54
 440 019b E5       		.byte	-27
 441 019c CC       		.byte	-52
 442 019d D7       		.byte	-41
 443 019e CE       		.byte	-50
 444 019f 5F       		.byte	95
 445 01a0 D6       		.byte	-42
 446 01a1 01       		.byte	1
 447 01a2 03       		.byte	3
 448 01a3 01       		.byte	1
 449 01a4 04       		.byte	4
 450 01a5 1C       		.byte	28
 451 01a6 05       		.byte	5
 452 01a7 02       		.byte	2
 453 01a8 06       		.byte	6
 454 01a9 01       		.byte	1
 455 01aa 0A       		.byte	10
 456 01ab 18       		.byte	24
ARM GAS  C:\Users\ALESSA~1\AppData\Local\Temp\cckvnH6d.s 			page 9


 457 01ac 0E       		.byte	14
 458 01ad 03       		.byte	3
 459 01ae 10       		.byte	16
 460 01af 1C       		.byte	28
 461 01b0 12       		.byte	18
 462 01b1 02       		.byte	2
 463 01b2 16       		.byte	22
 464 01b3 04       		.byte	4
 465 01b4 18       		.byte	24
 466 01b5 04       		.byte	4
 467 01b6 1C       		.byte	28
 468 01b7 07       		.byte	7
 469 01b8 1E       		.byte	30
 470 01b9 18       		.byte	24
 471 01ba 20       		.byte	32
 472 01bb 1F       		.byte	31
 473 01bc 24       		.byte	36
 474 01bd 10       		.byte	16
 475 01be 28       		.byte	40
 476 01bf 08       		.byte	8
 477 01c0 30       		.byte	48
 478 01c1 1F       		.byte	31
 479 01c2 33       		.byte	51
 480 01c3 01       		.byte	1
 481 01c4 37       		.byte	55
 482 01c5 02       		.byte	2
 483 01c6 3A       		.byte	58
 484 01c7 02       		.byte	2
 485 01c8 3F       		.byte	63
 486 01c9 40       		.byte	64
 487 01ca 58       		.byte	88
 488 01cb 04       		.byte	4
 489 01cc 59       		.byte	89
 490 01cd 04       		.byte	4
 491 01ce 5C       		.byte	92
 492 01cf 20       		.byte	32
 493 01d0 5F       		.byte	95
 494 01d1 01       		.byte	1
 495 01d2 80       		.byte	-128
 496 01d3 04       		.byte	4
 497 01d4 83       		.byte	-125
 498 01d5 01       		.byte	1
 499 01d6 85       		.byte	-123
 500 01d7 80       		.byte	-128
 501 01d8 86       		.byte	-122
 502 01d9 08       		.byte	8
 503 01da 87       		.byte	-121
 504 01db 65       		.byte	101
 505 01dc 8A       		.byte	-118
 506 01dd 04       		.byte	4
 507 01de 8B       		.byte	-117
 508 01df 18       		.byte	24
 509 01e0 8D       		.byte	-115
 510 01e1 80       		.byte	-128
 511 01e2 8E       		.byte	-114
 512 01e3 04       		.byte	4
 513 01e4 8F       		.byte	-113
ARM GAS  C:\Users\ALESSA~1\AppData\Local\Temp\cckvnH6d.s 			page 10


 514 01e5 02       		.byte	2
 515 01e6 91       		.byte	-111
 516 01e7 48       		.byte	72
 517 01e8 92       		.byte	-110
 518 01e9 08       		.byte	8
 519 01ea 93       		.byte	-109
 520 01eb 86       		.byte	-122
 521 01ec 98       		.byte	-104
 522 01ed 01       		.byte	1
 523 01ee 99       		.byte	-103
 524 01ef 60       		.byte	96
 525 01f0 9B       		.byte	-101
 526 01f1 8B       		.byte	-117
 527 01f2 9C       		.byte	-100
 528 01f3 02       		.byte	2
 529 01f4 A0       		.byte	-96
 530 01f5 04       		.byte	4
 531 01f6 A6       		.byte	-90
 532 01f7 01       		.byte	1
 533 01f8 A8       		.byte	-88
 534 01f9 01       		.byte	1
 535 01fa A9       		.byte	-87
 536 01fb E6       		.byte	-26
 537 01fc AB       		.byte	-85
 538 01fd 11       		.byte	17
 539 01fe AD       		.byte	-83
 540 01ff A0       		.byte	-96
 541 0200 B0       		.byte	-80
 542 0201 04       		.byte	4
 543 0202 B2       		.byte	-78
 544 0203 08       		.byte	8
 545 0204 B3       		.byte	-77
 546 0205 07       		.byte	7
 547 0206 B5       		.byte	-75
 548 0207 F8       		.byte	-8
 549 0208 B6       		.byte	-74
 550 0209 03       		.byte	3
 551 020a B8       		.byte	-72
 552 020b 82       		.byte	-126
 553 020c BB       		.byte	-69
 554 020d 08       		.byte	8
 555 020e BE       		.byte	-66
 556 020f 04       		.byte	4
 557 0210 D4       		.byte	-44
 558 0211 18       		.byte	24
 559 0212 D6       		.byte	-42
 560 0213 04       		.byte	4
 561 0214 D8       		.byte	-40
 562 0215 04       		.byte	4
 563 0216 D9       		.byte	-39
 564 0217 04       		.byte	4
 565 0218 DB       		.byte	-37
 566 0219 04       		.byte	4
 567 021a DF       		.byte	-33
 568 021b 01       		.byte	1
 569 021c 00       		.byte	0
 570 021d 80       		.byte	-128
ARM GAS  C:\Users\ALESSA~1\AppData\Local\Temp\cckvnH6d.s 			page 11


 571 021e 02       		.byte	2
 572 021f 10       		.byte	16
 573 0220 03       		.byte	3
 574 0221 04       		.byte	4
 575 0222 04       		.byte	4
 576 0223 88       		.byte	-120
 577 0224 05       		.byte	5
 578 0225 20       		.byte	32
 579 0226 06       		.byte	6
 580 0227 40       		.byte	64
 581 0228 08       		.byte	8
 582 0229 60       		.byte	96
 583 022a 0A       		.byte	10
 584 022b A0       		.byte	-96
 585 022c 0D       		.byte	13
 586 022d 02       		.byte	2
 587 022e 0E       		.byte	14
 588 022f 04       		.byte	4
 589 0230 0F       		.byte	15
 590 0231 02       		.byte	2
 591 0232 12       		.byte	18
 592 0233 C0       		.byte	-64
 593 0234 13       		.byte	19
 594 0235 14       		.byte	20
 595 0236 14       		.byte	20
 596 0237 40       		.byte	64
 597 0238 16       		.byte	22
 598 0239 20       		.byte	32
 599 023a 17       		.byte	23
 600 023b 10       		.byte	16
 601 023c 18       		.byte	24
 602 023d 80       		.byte	-128
 603 023e 1A       		.byte	26
 604 023f 80       		.byte	-128
 605 0240 1D       		.byte	29
 606 0241 42       		.byte	66
 607 0242 1E       		.byte	30
 608 0243 02       		.byte	2
 609 0244 1F       		.byte	31
 610 0245 04       		.byte	4
 611 0246 21       		.byte	33
 612 0247 40       		.byte	64
 613 0248 22       		.byte	34
 614 0249 04       		.byte	4
 615 024a 24       		.byte	36
 616 024b 04       		.byte	4
 617 024c 25       		.byte	37
 618 024d 10       		.byte	16
 619 024e 27       		.byte	39
 620 024f 10       		.byte	16
 621 0250 2E       		.byte	46
 622 0251 20       		.byte	32
 623 0252 2F       		.byte	47
 624 0253 0A       		.byte	10
 625 0254 36       		.byte	54
 626 0255 01       		.byte	1
 627 0256 37       		.byte	55
ARM GAS  C:\Users\ALESSA~1\AppData\Local\Temp\cckvnH6d.s 			page 12


 628 0257 10       		.byte	16
 629 0258 38       		.byte	56
 630 0259 04       		.byte	4
 631 025a 3A       		.byte	58
 632 025b 02       		.byte	2
 633 025c 3D       		.byte	61
 634 025d 20       		.byte	32
 635 025e 3E       		.byte	62
 636 025f 04       		.byte	4
 637 0260 3F       		.byte	63
 638 0261 82       		.byte	-126
 639 0262 5D       		.byte	93
 640 0263 02       		.byte	2
 641 0264 67       		.byte	103
 642 0265 8A       		.byte	-118
 643 0266 87       		.byte	-121
 644 0267 40       		.byte	64
 645 0268 8E       		.byte	-114
 646 0269 02       		.byte	2
 647 026a 95       		.byte	-107
 648 026b 80       		.byte	-128
 649 026c 9A       		.byte	-102
 650 026d 02       		.byte	2
 651 026e AE       		.byte	-82
 652 026f 02       		.byte	2
 653 0270 C0       		.byte	-64
 654 0271 F7       		.byte	-9
 655 0272 C2       		.byte	-62
 656 0273 DF       		.byte	-33
 657 0274 C4       		.byte	-60
 658 0275 7E       		.byte	126
 659 0276 CA       		.byte	-54
 660 0277 30       		.byte	48
 661 0278 CC       		.byte	-52
 662 0279 A0       		.byte	-96
 663 027a CE       		.byte	-50
 664 027b F3       		.byte	-13
 665 027c D6       		.byte	-42
 666 027d 80       		.byte	-128
 667 027e D8       		.byte	-40
 668 027f B0       		.byte	-80
 669 0280 E4       		.byte	-28
 670 0281 10       		.byte	16
 671 0282 EA       		.byte	-22
 672 0283 02       		.byte	2
 673 0284 81       		.byte	-127
 674 0285 40       		.byte	64
 675 0286 E0       		.byte	-32
 676 0287 01       		.byte	1
 677 0288 E6       		.byte	-26
 678 0289 02       		.byte	2
 679 028a EE       		.byte	-18
 680 028b 01       		.byte	1
 681 028c 08       		.byte	8
 682 028d 03       		.byte	3
 683 028e 0A       		.byte	10
 684 028f 0C       		.byte	12
ARM GAS  C:\Users\ALESSA~1\AppData\Local\Temp\cckvnH6d.s 			page 13


 685 0290 0E       		.byte	14
 686 0291 08       		.byte	8
 687 0292 13       		.byte	19
 688 0293 01       		.byte	1
 689 0294 18       		.byte	24
 690 0295 03       		.byte	3
 691 0296 1A       		.byte	26
 692 0297 04       		.byte	4
 693 0298 1E       		.byte	30
 694 0299 05       		.byte	5
 695 029a 24       		.byte	36
 696 029b 0A       		.byte	10
 697 029c 26       		.byte	38
 698 029d 04       		.byte	4
 699 029e 28       		.byte	40
 700 029f 03       		.byte	3
 701 02a0 2A       		.byte	42
 702 02a1 04       		.byte	4
 703 02a2 31       		.byte	49
 704 02a3 01       		.byte	1
 705 02a4 34       		.byte	52
 706 02a5 0F       		.byte	15
 707 02a6 3A       		.byte	58
 708 02a7 20       		.byte	32
 709 02a8 40       		.byte	64
 710 02a9 02       		.byte	2
 711 02aa 46       		.byte	70
 712 02ab 04       		.byte	4
 713 02ac 49       		.byte	73
 714 02ad FF       		.byte	-1
 715 02ae 4A       		.byte	74
 716 02af 0F       		.byte	15
 717 02b0 4B       		.byte	75
 718 02b1 FF       		.byte	-1
 719 02b2 4C       		.byte	76
 720 02b3 40       		.byte	64
 721 02b4 4D       		.byte	77
 722 02b5 20       		.byte	32
 723 02b6 4E       		.byte	78
 724 02b7 F0       		.byte	-16
 725 02b8 4F       		.byte	79
 726 02b9 05       		.byte	5
 727 02ba 50       		.byte	80
 728 02bb 08       		.byte	8
 729 02bc 58       		.byte	88
 730 02bd 04       		.byte	4
 731 02be 59       		.byte	89
 732 02bf 04       		.byte	4
 733 02c0 5A       		.byte	90
 734 02c1 04       		.byte	4
 735 02c2 5C       		.byte	92
 736 02c3 20       		.byte	32
 737 02c4 5F       		.byte	95
 738 02c5 01       		.byte	1
 739 02c6 60       		.byte	96
 740 02c7 40       		.byte	64
 741 02c8 61       		.byte	97
ARM GAS  C:\Users\ALESSA~1\AppData\Local\Temp\cckvnH6d.s 			page 14


 742 02c9 A8       		.byte	-88
 743 02ca 62       		.byte	98
 744 02cb 40       		.byte	64
 745 02cc 63       		.byte	99
 746 02cd 20       		.byte	32
 747 02ce 80       		.byte	-128
 748 02cf 10       		.byte	16
 749 02d0 82       		.byte	-126
 750 02d1 81       		.byte	-127
 751 02d2 86       		.byte	-122
 752 02d3 0C       		.byte	12
 753 02d4 87       		.byte	-121
 754 02d5 06       		.byte	6
 755 02d6 88       		.byte	-120
 756 02d7 20       		.byte	32
 757 02d8 89       		.byte	-119
 758 02d9 02       		.byte	2
 759 02da 8A       		.byte	-118
 760 02db 80       		.byte	-128
 761 02dc 8C       		.byte	-116
 762 02dd 30       		.byte	48
 763 02de 8E       		.byte	-114
 764 02df 40       		.byte	64
 765 02e0 90       		.byte	-112
 766 02e1 32       		.byte	50
 767 02e2 91       		.byte	-111
 768 02e3 01       		.byte	1
 769 02e4 92       		.byte	-110
 770 02e5 0C       		.byte	12
 771 02e6 93       		.byte	-109
 772 02e7 06       		.byte	6
 773 02e8 94       		.byte	-108
 774 02e9 0C       		.byte	12
 775 02ea 95       		.byte	-107
 776 02eb 07       		.byte	7
 777 02ec 96       		.byte	-106
 778 02ed 32       		.byte	50
 779 02ee 9A       		.byte	-102
 780 02ef 32       		.byte	50
 781 02f0 9B       		.byte	-101
 782 02f1 01       		.byte	1
 783 02f2 9C       		.byte	-100
 784 02f3 3E       		.byte	62
 785 02f4 A0       		.byte	-96
 786 02f5 0C       		.byte	12
 787 02f6 A2       		.byte	-94
 788 02f7 32       		.byte	50
 789 02f8 A4       		.byte	-92
 790 02f9 08       		.byte	8
 791 02fa A5       		.byte	-91
 792 02fb 04       		.byte	4
 793 02fc A8       		.byte	-88
 794 02fd 04       		.byte	4
 795 02fe A9       		.byte	-87
 796 02ff 06       		.byte	6
 797 0300 AB       		.byte	-85
 798 0301 01       		.byte	1
ARM GAS  C:\Users\ALESSA~1\AppData\Local\Temp\cckvnH6d.s 			page 15


 799 0302 AD       		.byte	-83
 800 0303 07       		.byte	7
 801 0304 B0       		.byte	-80
 802 0305 30       		.byte	48
 803 0306 B1       		.byte	-79
 804 0307 07       		.byte	7
 805 0308 B2       		.byte	-78
 806 0309 01       		.byte	1
 807 030a B4       		.byte	-76
 808 030b 0E       		.byte	14
 809 030c B6       		.byte	-74
 810 030d C0       		.byte	-64
 811 030e BA       		.byte	-70
 812 030f 20       		.byte	32
 813 0310 BB       		.byte	-69
 814 0311 08       		.byte	8
 815 0312 BE       		.byte	-66
 816 0313 40       		.byte	64
 817 0314 C0       		.byte	-64
 818 0315 42       		.byte	66
 819 0316 C1       		.byte	-63
 820 0317 06       		.byte	6
 821 0318 C2       		.byte	-62
 822 0319 03       		.byte	3
 823 031a C4       		.byte	-60
 824 031b 01       		.byte	1
 825 031c C6       		.byte	-58
 826 031d C0       		.byte	-64
 827 031e C7       		.byte	-57
 828 031f 0E       		.byte	14
 829 0320 C8       		.byte	-56
 830 0321 18       		.byte	24
 831 0322 C9       		.byte	-55
 832 0323 FF       		.byte	-1
 833 0324 CA       		.byte	-54
 834 0325 FF       		.byte	-1
 835 0326 CB       		.byte	-53
 836 0327 FF       		.byte	-1
 837 0328 CC       		.byte	-52
 838 0329 62       		.byte	98
 839 032a CD       		.byte	-51
 840 032b A0       		.byte	-96
 841 032c CE       		.byte	-50
 842 032d F0       		.byte	-16
 843 032e CF       		.byte	-49
 844 032f 41       		.byte	65
 845 0330 D0       		.byte	-48
 846 0331 0C       		.byte	12
 847 0332 D8       		.byte	-40
 848 0333 04       		.byte	4
 849 0334 D9       		.byte	-39
 850 0335 04       		.byte	4
 851 0336 DA       		.byte	-38
 852 0337 04       		.byte	4
 853 0338 DF       		.byte	-33
 854 0339 01       		.byte	1
 855 033a E6       		.byte	-26
ARM GAS  C:\Users\ALESSA~1\AppData\Local\Temp\cckvnH6d.s 			page 16


 856 033b 40       		.byte	64
 857 033c E7       		.byte	-25
 858 033d 02       		.byte	2
 859 033e E9       		.byte	-23
 860 033f 10       		.byte	16
 861 0340 EA       		.byte	-22
 862 0341 30       		.byte	48
 863 0342 EB       		.byte	-21
 864 0343 10       		.byte	16
 865 0344 ED       		.byte	-19
 866 0345 10       		.byte	16
 867 0346 EE       		.byte	-18
 868 0347 10       		.byte	16
 869 0348 EF       		.byte	-17
 870 0349 12       		.byte	18
 871 034a 00       		.byte	0
 872 034b 66       		.byte	102
 873 034c 02       		.byte	2
 874 034d 01       		.byte	1
 875 034e 05       		.byte	5
 876 034f 50       		.byte	80
 877 0350 08       		.byte	8
 878 0351 48       		.byte	72
 879 0352 09       		.byte	9
 880 0353 20       		.byte	32
 881 0354 0A       		.byte	10
 882 0355 40       		.byte	64
 883 0356 0F       		.byte	15
 884 0357 06       		.byte	6
 885 0358 10       		.byte	16
 886 0359 10       		.byte	16
 887 035a 12       		.byte	18
 888 035b 40       		.byte	64
 889 035c 13       		.byte	19
 890 035d 10       		.byte	16
 891 035e 16       		.byte	22
 892 035f 20       		.byte	32
 893 0360 17       		.byte	23
 894 0361 10       		.byte	16
 895 0362 18       		.byte	24
 896 0363 01       		.byte	1
 897 0364 19       		.byte	25
 898 0365 22       		.byte	34
 899 0366 1A       		.byte	26
 900 0367 20       		.byte	32
 901 0368 1D       		.byte	29
 902 0369 10       		.byte	16
 903 036a 1E       		.byte	30
 904 036b 04       		.byte	4
 905 036c 22       		.byte	34
 906 036d 0C       		.byte	12
 907 036e 23       		.byte	35
 908 036f 80       		.byte	-128
 909 0370 27       		.byte	39
 910 0371 40       		.byte	64
 911 0372 28       		.byte	40
 912 0373 18       		.byte	24
ARM GAS  C:\Users\ALESSA~1\AppData\Local\Temp\cckvnH6d.s 			page 17


 913 0374 29       		.byte	41
 914 0375 20       		.byte	32
 915 0376 2A       		.byte	42
 916 0377 48       		.byte	72
 917 0378 31       		.byte	49
 918 0379 21       		.byte	33
 919 037a 32       		.byte	50
 920 037b 04       		.byte	4
 921 037c 36       		.byte	54
 922 037d 02       		.byte	2
 923 037e 38       		.byte	56
 924 037f 04       		.byte	4
 925 0380 3B       		.byte	59
 926 0381 10       		.byte	16
 927 0382 40       		.byte	64
 928 0383 01       		.byte	1
 929 0384 41       		.byte	65
 930 0385 38       		.byte	56
 931 0386 42       		.byte	66
 932 0387 40       		.byte	64
 933 0388 47       		.byte	71
 934 0389 20       		.byte	32
 935 038a 4A       		.byte	74
 936 038b 08       		.byte	8
 937 038c 4F       		.byte	79
 938 038d 02       		.byte	2
 939 038e 50       		.byte	80
 940 038f 04       		.byte	4
 941 0390 53       		.byte	83
 942 0391 10       		.byte	16
 943 0392 57       		.byte	87
 944 0393 40       		.byte	64
 945 0394 88       		.byte	-120
 946 0395 40       		.byte	64
 947 0396 89       		.byte	-119
 948 0397 08       		.byte	8
 949 0398 8A       		.byte	-118
 950 0399 04       		.byte	4
 951 039a 8B       		.byte	-117
 952 039b 80       		.byte	-128
 953 039c 90       		.byte	-112
 954 039d 04       		.byte	4
 955 039e 91       		.byte	-111
 956 039f 75       		.byte	117
 957 03a0 92       		.byte	-110
 958 03a1 40       		.byte	64
 959 03a2 93       		.byte	-109
 960 03a3 10       		.byte	16
 961 03a4 94       		.byte	-108
 962 03a5 08       		.byte	8
 963 03a6 96       		.byte	-106
 964 03a7 2D       		.byte	45
 965 03a8 97       		.byte	-105
 966 03a9 20       		.byte	32
 967 03aa 99       		.byte	-103
 968 03ab 41       		.byte	65
 969 03ac 9A       		.byte	-102
ARM GAS  C:\Users\ALESSA~1\AppData\Local\Temp\cckvnH6d.s 			page 18


 970 03ad 48       		.byte	72
 971 03ae 9B       		.byte	-101
 972 03af 10       		.byte	16
 973 03b0 9C       		.byte	-100
 974 03b1 20       		.byte	32
 975 03b2 9D       		.byte	-99
 976 03b3 22       		.byte	34
 977 03b4 9E       		.byte	-98
 978 03b5 01       		.byte	1
 979 03b6 9F       		.byte	-97
 980 03b7 80       		.byte	-128
 981 03b8 A2       		.byte	-94
 982 03b9 02       		.byte	2
 983 03ba A3       		.byte	-93
 984 03bb 08       		.byte	8
 985 03bc A7       		.byte	-89
 986 03bd 43       		.byte	67
 987 03be B2       		.byte	-78
 988 03bf 84       		.byte	-124
 989 03c0 B6       		.byte	-74
 990 03c1 04       		.byte	4
 991 03c2 B7       		.byte	-73
 992 03c3 01       		.byte	1
 993 03c4 C0       		.byte	-64
 994 03c5 CF       		.byte	-49
 995 03c6 C2       		.byte	-62
 996 03c7 CF       		.byte	-49
 997 03c8 C4       		.byte	-60
 998 03c9 6E       		.byte	110
 999 03ca CA       		.byte	-54
 1000 03cb 0E       		.byte	14
 1001 03cc CC       		.byte	-52
 1002 03cd 87       		.byte	-121
 1003 03ce CE       		.byte	-50
 1004 03cf 06       		.byte	6
 1005 03d0 D0       		.byte	-48
 1006 03d1 2F       		.byte	47
 1007 03d2 D2       		.byte	-46
 1008 03d3 04       		.byte	4
 1009 03d4 00       		.byte	0
 1010 03d5 48       		.byte	72
 1011 03d6 01       		.byte	1
 1012 03d7 4F       		.byte	79
 1013 03d8 02       		.byte	2
 1014 03d9 25       		.byte	37
 1015 03da 03       		.byte	3
 1016 03db 30       		.byte	48
 1017 03dc 04       		.byte	4
 1018 03dd 03       		.byte	3
 1019 03de 05       		.byte	5
 1020 03df 73       		.byte	115
 1021 03e0 06       		.byte	6
 1022 03e1 FC       		.byte	-4
 1023 03e2 07       		.byte	7
 1024 03e3 0C       		.byte	12
 1025 03e4 08       		.byte	8
 1026 03e5 92       		.byte	-110
ARM GAS  C:\Users\ALESSA~1\AppData\Local\Temp\cckvnH6d.s 			page 19


 1027 03e6 09       		.byte	9
 1028 03e7 73       		.byte	115
 1029 03e8 0A       		.byte	10
 1030 03e9 25       		.byte	37
 1031 03ea 0B       		.byte	11
 1032 03eb 0C       		.byte	12
 1033 03ec 0C       		.byte	12
 1034 03ed E0       		.byte	-32
 1035 03ee 0E       		.byte	14
 1036 03ef 1C       		.byte	28
 1037 03f0 0F       		.byte	15
 1038 03f1 40       		.byte	64
 1039 03f2 15       		.byte	21
 1040 03f3 2A       		.byte	42
 1041 03f4 17       		.byte	23
 1042 03f5 15       		.byte	21
 1043 03f6 1C       		.byte	28
 1044 03f7 25       		.byte	37
 1045 03f8 1E       		.byte	30
 1046 03f9 DA       		.byte	-38
 1047 03fa 20       		.byte	32
 1048 03fb 1F       		.byte	31
 1049 03fc 21       		.byte	33
 1050 03fd 55       		.byte	85
 1051 03fe 22       		.byte	34
 1052 03ff E0       		.byte	-32
 1053 0400 23       		.byte	35
 1054 0401 2A       		.byte	42
 1055 0402 24       		.byte	36
 1056 0403 E3       		.byte	-29
 1057 0404 26       		.byte	38
 1058 0405 1C       		.byte	28
 1059 0406 27       		.byte	39
 1060 0407 80       		.byte	-128
 1061 0408 28       		.byte	40
 1062 0409 E3       		.byte	-29
 1063 040a 29       		.byte	41
 1064 040b 43       		.byte	67
 1065 040c 2A       		.byte	42
 1066 040d 1C       		.byte	28
 1067 040e 2B       		.byte	43
 1068 040f 3C       		.byte	60
 1069 0410 2D       		.byte	45
 1070 0411 30       		.byte	48
 1071 0412 2F       		.byte	47
 1072 0413 0C       		.byte	12
 1073 0414 31       		.byte	49
 1074 0415 C0       		.byte	-64
 1075 0416 32       		.byte	50
 1076 0417 FF       		.byte	-1
 1077 0418 33       		.byte	51
 1078 0419 3F       		.byte	63
 1079 041a 3E       		.byte	62
 1080 041b 04       		.byte	4
 1081 041c 58       		.byte	88
 1082 041d 04       		.byte	4
 1083 041e 59       		.byte	89
ARM GAS  C:\Users\ALESSA~1\AppData\Local\Temp\cckvnH6d.s 			page 20


 1084 041f 04       		.byte	4
 1085 0420 5F       		.byte	95
 1086 0421 01       		.byte	1
 1087 0422 83       		.byte	-125
 1088 0423 01       		.byte	1
 1089 0424 84       		.byte	-124
 1090 0425 01       		.byte	1
 1091 0426 85       		.byte	-123
 1092 0427 03       		.byte	3
 1093 0428 88       		.byte	-120
 1094 0429 01       		.byte	1
 1095 042a 99       		.byte	-103
 1096 042b 03       		.byte	3
 1097 042c 9A       		.byte	-102
 1098 042d 01       		.byte	1
 1099 042e 9D       		.byte	-99
 1100 042f 04       		.byte	4
 1101 0430 9E       		.byte	-98
 1102 0431 01       		.byte	1
 1103 0432 A6       		.byte	-90
 1104 0433 01       		.byte	1
 1105 0434 A9       		.byte	-87
 1106 0435 02       		.byte	2
 1107 0436 B0       		.byte	-80
 1108 0437 01       		.byte	1
 1109 0438 B3       		.byte	-77
 1110 0439 03       		.byte	3
 1111 043a B5       		.byte	-75
 1112 043b 04       		.byte	4
 1113 043c B9       		.byte	-71
 1114 043d 08       		.byte	8
 1115 043e BE       		.byte	-66
 1116 043f 01       		.byte	1
 1117 0440 BF       		.byte	-65
 1118 0441 14       		.byte	20
 1119 0442 C0       		.byte	-64
 1120 0443 34       		.byte	52
 1121 0444 C1       		.byte	-63
 1122 0445 02       		.byte	2
 1123 0446 C5       		.byte	-59
 1124 0447 EC       		.byte	-20
 1125 0448 C7       		.byte	-57
 1126 0449 B0       		.byte	-80
 1127 044a C8       		.byte	-56
 1128 044b 23       		.byte	35
 1129 044c C9       		.byte	-55
 1130 044d FF       		.byte	-1
 1131 044e CA       		.byte	-54
 1132 044f FF       		.byte	-1
 1133 0450 CB       		.byte	-53
 1134 0451 FF       		.byte	-1
 1135 0452 CE       		.byte	-50
 1136 0453 F0       		.byte	-16
 1137 0454 CF       		.byte	-49
 1138 0455 44       		.byte	68
 1139 0456 D0       		.byte	-48
 1140 0457 0C       		.byte	12
ARM GAS  C:\Users\ALESSA~1\AppData\Local\Temp\cckvnH6d.s 			page 21


 1141 0458 D4       		.byte	-44
 1142 0459 01       		.byte	1
 1143 045a D6       		.byte	-42
 1144 045b 04       		.byte	4
 1145 045c D8       		.byte	-40
 1146 045d 04       		.byte	4
 1147 045e D9       		.byte	-39
 1148 045f 04       		.byte	4
 1149 0460 DA       		.byte	-38
 1150 0461 04       		.byte	4
 1151 0462 DB       		.byte	-37
 1152 0463 04       		.byte	4
 1153 0464 DF       		.byte	-33
 1154 0465 01       		.byte	1
 1155 0466 E6       		.byte	-26
 1156 0467 C0       		.byte	-64
 1157 0468 EA       		.byte	-22
 1158 0469 40       		.byte	64
 1159 046a EB       		.byte	-21
 1160 046b 02       		.byte	2
 1161 046c 00       		.byte	0
 1162 046d 26       		.byte	38
 1163 046e 01       		.byte	1
 1164 046f C0       		.byte	-64
 1165 0470 02       		.byte	2
 1166 0471 10       		.byte	16
 1167 0472 06       		.byte	6
 1168 0473 08       		.byte	8
 1169 0474 07       		.byte	7
 1170 0475 10       		.byte	16
 1171 0476 0A       		.byte	10
 1172 0477 02       		.byte	2
 1173 0478 0F       		.byte	15
 1174 0479 06       		.byte	6
 1175 047a 11       		.byte	17
 1176 047b 15       		.byte	21
 1177 047c 16       		.byte	22
 1178 047d 20       		.byte	32
 1179 047e 19       		.byte	25
 1180 047f 08       		.byte	8
 1181 0480 1E       		.byte	30
 1182 0481 40       		.byte	64
 1183 0482 20       		.byte	32
 1184 0483 60       		.byte	96
 1185 0484 21       		.byte	33
 1186 0485 08       		.byte	8
 1187 0486 22       		.byte	34
 1188 0487 01       		.byte	1
 1189 0488 27       		.byte	39
 1190 0489 28       		.byte	40
 1191 048a 29       		.byte	41
 1192 048b 88       		.byte	-120
 1193 048c 2A       		.byte	42
 1194 048d 12       		.byte	18
 1195 048e 2E       		.byte	46
 1196 048f 20       		.byte	32
 1197 0490 2F       		.byte	47
ARM GAS  C:\Users\ALESSA~1\AppData\Local\Temp\cckvnH6d.s 			page 22


 1198 0491 08       		.byte	8
 1199 0492 31       		.byte	49
 1200 0493 08       		.byte	8
 1201 0494 36       		.byte	54
 1202 0495 80       		.byte	-128
 1203 0496 37       		.byte	55
 1204 0497 10       		.byte	16
 1205 0498 38       		.byte	56
 1206 0499 40       		.byte	64
 1207 049a 39       		.byte	57
 1208 049b 15       		.byte	21
 1209 049c 3D       		.byte	61
 1210 049d 0A       		.byte	10
 1211 049e 3E       		.byte	62
 1212 049f 0C       		.byte	12
 1213 04a0 3F       		.byte	63
 1214 04a1 02       		.byte	2
 1215 04a2 45       		.byte	69
 1216 04a3 05       		.byte	5
 1217 04a4 47       		.byte	71
 1218 04a5 10       		.byte	16
 1219 04a6 4D       		.byte	77
 1220 04a7 02       		.byte	2
 1221 04a8 4E       		.byte	78
 1222 04a9 80       		.byte	-128
 1223 04aa 4F       		.byte	79
 1224 04ab 04       		.byte	4
 1225 04ac 57       		.byte	87
 1226 04ad 02       		.byte	2
 1227 04ae 5D       		.byte	93
 1228 04af 22       		.byte	34
 1229 04b0 5E       		.byte	94
 1230 04b1 40       		.byte	64
 1231 04b2 5F       		.byte	95
 1232 04b3 08       		.byte	8
 1233 04b4 65       		.byte	101
 1234 04b5 20       		.byte	32
 1235 04b6 67       		.byte	103
 1236 04b7 44       		.byte	68
 1237 04b8 87       		.byte	-121
 1238 04b9 40       		.byte	64
 1239 04ba 88       		.byte	-120
 1240 04bb 21       		.byte	33
 1241 04bc 8A       		.byte	-118
 1242 04bd 02       		.byte	2
 1243 04be 90       		.byte	-112
 1244 04bf 04       		.byte	4
 1245 04c0 91       		.byte	-111
 1246 04c1 55       		.byte	85
 1247 04c2 92       		.byte	-110
 1248 04c3 04       		.byte	4
 1249 04c4 94       		.byte	-108
 1250 04c5 40       		.byte	64
 1251 04c6 97       		.byte	-105
 1252 04c7 04       		.byte	4
 1253 04c8 9B       		.byte	-101
 1254 04c9 10       		.byte	16
ARM GAS  C:\Users\ALESSA~1\AppData\Local\Temp\cckvnH6d.s 			page 23


 1255 04ca 9C       		.byte	-100
 1256 04cb 20       		.byte	32
 1257 04cc 9E       		.byte	-98
 1258 04cd 20       		.byte	32
 1259 04ce 9F       		.byte	-97
 1260 04cf 20       		.byte	32
 1261 04d0 A3       		.byte	-93
 1262 04d1 09       		.byte	9
 1263 04d2 A4       		.byte	-92
 1264 04d3 11       		.byte	17
 1265 04d4 A7       		.byte	-89
 1266 04d5 02       		.byte	2
 1267 04d6 AB       		.byte	-85
 1268 04d7 40       		.byte	64
 1269 04d8 B0       		.byte	-80
 1270 04d9 10       		.byte	16
 1271 04da B2       		.byte	-78
 1272 04db 01       		.byte	1
 1273 04dc C0       		.byte	-64
 1274 04dd 6F       		.byte	111
 1275 04de C2       		.byte	-62
 1276 04df C1       		.byte	-63
 1277 04e0 C4       		.byte	-60
 1278 04e1 2E       		.byte	46
 1279 04e2 CA       		.byte	-54
 1280 04e3 2F       		.byte	47
 1281 04e4 CC       		.byte	-52
 1282 04e5 32       		.byte	50
 1283 04e6 CE       		.byte	-50
 1284 04e7 CF       		.byte	-49
 1285 04e8 D0       		.byte	-48
 1286 04e9 E0       		.byte	-32
 1287 04ea D6       		.byte	-42
 1288 04eb F0       		.byte	-16
 1289 04ec D8       		.byte	-40
 1290 04ed 80       		.byte	-128
 1291 04ee 33       		.byte	51
 1292 04ef 21       		.byte	33
 1293 04f0 37       		.byte	55
 1294 04f1 48       		.byte	72
 1295 04f2 3B       		.byte	59
 1296 04f3 40       		.byte	64
 1297 04f4 CC       		.byte	-52
 1298 04f5 F0       		.byte	-16
 1299 04f6 CE       		.byte	-50
 1300 04f7 10       		.byte	16
 1301 04f8 0B       		.byte	11
 1302 04f9 08       		.byte	8
 1303 04fa 0D       		.byte	13
 1304 04fb 40       		.byte	64
 1305 04fc 97       		.byte	-105
 1306 04fd 40       		.byte	64
 1307 04fe 9B       		.byte	-101
 1308 04ff 04       		.byte	4
 1309 0500 9F       		.byte	-97
 1310 0501 49       		.byte	73
 1311 0502 A7       		.byte	-89
ARM GAS  C:\Users\ALESSA~1\AppData\Local\Temp\cckvnH6d.s 			page 24


 1312 0503 20       		.byte	32
 1313 0504 AB       		.byte	-85
 1314 0505 04       		.byte	4
 1315 0506 C2       		.byte	-62
 1316 0507 C0       		.byte	-64
 1317 0508 EA       		.byte	-22
 1318 0509 80       		.byte	-128
 1319 050a 5B       		.byte	91
 1320 050b 04       		.byte	4
 1321 050c 87       		.byte	-121
 1322 050d 08       		.byte	8
 1323 050e 8D       		.byte	-115
 1324 050f 40       		.byte	64
 1325 0510 91       		.byte	-111
 1326 0511 80       		.byte	-128
 1327 0512 97       		.byte	-105
 1328 0513 40       		.byte	64
 1329 0514 9B       		.byte	-101
 1330 0515 04       		.byte	4
 1331 0516 9F       		.byte	-97
 1332 0517 48       		.byte	72
 1333 0518 A7       		.byte	-89
 1334 0519 20       		.byte	32
 1335 051a AF       		.byte	-81
 1336 051b 05       		.byte	5
 1337 051c D6       		.byte	-42
 1338 051d 40       		.byte	64
 1339 051e E2       		.byte	-30
 1340 051f 10       		.byte	16
 1341 0520 EA       		.byte	-22
 1342 0521 40       		.byte	64
 1343 0522 EC       		.byte	-20
 1344 0523 10       		.byte	16
 1345 0524 97       		.byte	-105
 1346 0525 40       		.byte	64
 1347 0526 9F       		.byte	-97
 1348 0527 40       		.byte	64
 1349 0528 AF       		.byte	-81
 1350 0529 20       		.byte	32
 1351 052a EE       		.byte	-18
 1352 052b 10       		.byte	16
 1353 052c 72       		.byte	114
 1354 052d 80       		.byte	-128
 1355 052e DC       		.byte	-36
 1356 052f 01       		.byte	1
 1357 0530 02       		.byte	2
 1358 0531 02       		.byte	2
 1359 0532 82       		.byte	-126
 1360 0533 80       		.byte	-128
 1361 0534 9E       		.byte	-98
 1362 0535 80       		.byte	-128
 1363 0536 C0       		.byte	-64
 1364 0537 02       		.byte	2
 1365 0538 AE       		.byte	-82
 1366 0539 02       		.byte	2
 1367 053a 97       		.byte	-105
 1368 053b 40       		.byte	64
ARM GAS  C:\Users\ALESSA~1\AppData\Local\Temp\cckvnH6d.s 			page 25


 1369 053c 9F       		.byte	-97
 1370 053d 40       		.byte	64
 1371 053e 87       		.byte	-121
 1372 053f 40       		.byte	64
 1373 0540 97       		.byte	-105
 1374 0541 40       		.byte	64
 1375 0542 AB       		.byte	-85
 1376 0543 40       		.byte	64
 1377 0544 E6       		.byte	-26
 1378 0545 40       		.byte	64
 1379 0546 EE       		.byte	-18
 1380 0547 80       		.byte	-128
 1381 0548 10       		.byte	16
 1382 0549 40       		.byte	64
 1383 054a 88       		.byte	-120
 1384 054b 40       		.byte	64
 1385 054c C4       		.byte	-60
 1386 054d 08       		.byte	8
 1387 054e E2       		.byte	-30
 1388 054f 01       		.byte	1
 1389 0550 00       		.byte	0
 1390 0551 05       		.byte	5
 1391 0552 0C       		.byte	12
 1392 0553 05       		.byte	5
 1393 0554 10       		.byte	16
 1394 0555 05       		.byte	5
 1395 0556 1C       		.byte	28
 1396 0557 05       		.byte	5
 1397 0558 00       		.byte	0
 1398 0559 FF       		.byte	-1
 1399 055a 01       		.byte	1
 1400 055b 03       		.byte	3
 1401 055c C0       		.byte	-64
 1402 055d C0       		.byte	-64
 1403 055e 00       		.byte	0
 1404 055f 00       		.byte	0
 1405 0560 00       		.byte	0
 1406 0561 00       		.byte	0
 1407 0562 3F       		.byte	63
 1408 0563 00       		.byte	0
 1409 0564 80       		.byte	-128
 1410 0565 00       		.byte	0
 1411 0566 40       		.byte	64
 1412 0567 AC       		.byte	-84
 1413 0568 AC       		.byte	-84
 1414 0569 00       		.byte	0
 1415 056a 80       		.byte	-128
 1416 056b 00       		.byte	0
 1417 056c 00       		.byte	0
 1418 056d 00       		.byte	0
 1419 056e 00       		.byte	0
 1420 056f 00       		.byte	0
 1421 0570 00       		.byte	0
 1422 0571 FF       		.byte	-1
 1423 0572 FF       		.byte	-1
 1424 0573 00       		.byte	0
 1425 0574 00       		.byte	0
ARM GAS  C:\Users\ALESSA~1\AppData\Local\Temp\cckvnH6d.s 			page 26


 1426 0575 00       		.byte	0
 1427 0576 00       		.byte	0
 1428 0577 00       		.byte	0
 1429 0578 04       		.byte	4
 1430 0579 F9       		.byte	-7
 1431 057a F9       		.byte	-7
 1432 057b 00       		.byte	0
 1433 057c 00       		.byte	0
 1434 057d 00       		.byte	0
 1435 057e 00       		.byte	0
 1436 057f 00       		.byte	0
 1437 0580 00       		.byte	0
 1438 0581 00       		.byte	0
 1439 0582 00       		.byte	0
 1440 0583 00       		.byte	0
 1441 0584 00       		.byte	0
 1442 0585 00       		.byte	0
 1443 0586 8C       		.byte	-116
 1444 0587 00       		.byte	0
 1445              		.section	.cywolatch,"a",%progbits
 1446              		.align	2
 1447              		.type	cy_meta_wonvl, %object
 1448              		.size	cy_meta_wonvl, 4
 1449              	cy_meta_wonvl:
 1450 0000 BC       		.byte	-68
 1451 0001 90       		.byte	-112
 1452 0002 AC       		.byte	-84
 1453 0003 AF       		.byte	-81
 1454              		.section	.cycustnvl,"a",%progbits
 1455              		.align	2
 1456              		.type	cy_meta_custnvl, %object
 1457              		.size	cy_meta_custnvl, 4
 1458              	cy_meta_custnvl:
 1459 0000 00       		.byte	0
 1460 0001 00       		.byte	0
 1461 0002 40       		.byte	64
 1462 0003 05       		.byte	5
 1463              		.section	.cymeta,"a",%progbits
 1464              		.align	2
 1465              		.type	cy_metadata, %object
 1466              		.size	cy_metadata, 12
 1467              	cy_metadata:
 1468 0000 00       		.byte	0
 1469 0001 01       		.byte	1
 1470 0002 2E       		.byte	46
 1471 0003 16       		.byte	22
 1472 0004 10       		.byte	16
 1473 0005 69       		.byte	105
 1474 0006 00       		.byte	0
 1475 0007 01       		.byte	1
 1476 0008 00       		.byte	0
 1477 0009 00       		.byte	0
 1478 000a 00       		.byte	0
 1479 000b 00       		.byte	0
 1480              		.section	.cyflashprotect,"a",%progbits
 1481              		.align	2
 1482              		.type	cy_meta_flashprotect, %object
ARM GAS  C:\Users\ALESSA~1\AppData\Local\Temp\cckvnH6d.s 			page 27


 1483              		.size	cy_meta_flashprotect, 256
 1484              	cy_meta_flashprotect:
 1485 0000 00000000 		.space	256
 1485      00000000 
 1485      00000000 
 1485      00000000 
 1485      00000000 
 1486              		.text
 1487              	.Letext0:
 1488              		.file 1 "c:\\program files (x86)\\cypress\\psoc creator\\4.4\\psoc creator\\import\\gnu\\arm\\5.4.
 1489              		.file 2 "c:\\program files (x86)\\cypress\\psoc creator\\4.4\\psoc creator\\import\\gnu\\arm\\5.4.
 1490              		.file 3 "Generated_Source\\PSoC5\\cymetadata.c"
 1491              		.section	.debug_info,"",%progbits
 1492              	.Ldebug_info0:
 1493 0000 32010000 		.4byte	0x132
 1494 0004 0400     		.2byte	0x4
 1495 0006 00000000 		.4byte	.Ldebug_abbrev0
 1496 000a 04       		.byte	0x4
 1497 000b 01       		.uleb128 0x1
 1498 000c 24000000 		.4byte	.LASF17
 1499 0010 0C       		.byte	0xc
 1500 0011 AF010000 		.4byte	.LASF18
 1501 0015 69010000 		.4byte	.LASF19
 1502 0019 00000000 		.4byte	.Ldebug_line0
 1503 001d 02       		.uleb128 0x2
 1504 001e 01       		.byte	0x1
 1505 001f 06       		.byte	0x6
 1506 0020 A3010000 		.4byte	.LASF0
 1507 0024 03       		.uleb128 0x3
 1508 0025 00000000 		.4byte	.LASF9
 1509 0029 01       		.byte	0x1
 1510 002a 1D       		.byte	0x1d
 1511 002b 2F000000 		.4byte	0x2f
 1512 002f 02       		.uleb128 0x2
 1513 0030 01       		.byte	0x1
 1514 0031 08       		.byte	0x8
 1515 0032 16000000 		.4byte	.LASF1
 1516 0036 02       		.uleb128 0x2
 1517 0037 02       		.byte	0x2
 1518 0038 05       		.byte	0x5
 1519 0039 D7000000 		.4byte	.LASF2
 1520 003d 02       		.uleb128 0x2
 1521 003e 02       		.byte	0x2
 1522 003f 07       		.byte	0x7
 1523 0040 C4000000 		.4byte	.LASF3
 1524 0044 02       		.uleb128 0x2
 1525 0045 04       		.byte	0x4
 1526 0046 05       		.byte	0x5
 1527 0047 9A010000 		.4byte	.LASF4
 1528 004b 02       		.uleb128 0x2
 1529 004c 04       		.byte	0x4
 1530 004d 07       		.byte	0x7
 1531 004e B2000000 		.4byte	.LASF5
 1532 0052 02       		.uleb128 0x2
 1533 0053 08       		.byte	0x8
 1534 0054 05       		.byte	0x5
 1535 0055 5B010000 		.4byte	.LASF6
ARM GAS  C:\Users\ALESSA~1\AppData\Local\Temp\cckvnH6d.s 			page 28


 1536 0059 02       		.uleb128 0x2
 1537 005a 08       		.byte	0x8
 1538 005b 07       		.byte	0x7
 1539 005c 10010000 		.4byte	.LASF7
 1540 0060 04       		.uleb128 0x4
 1541 0061 04       		.byte	0x4
 1542 0062 05       		.byte	0x5
 1543 0063 696E7400 		.ascii	"int\000"
 1544 0067 02       		.uleb128 0x2
 1545 0068 04       		.byte	0x4
 1546 0069 07       		.byte	0x7
 1547 006a 03010000 		.4byte	.LASF8
 1548 006e 03       		.uleb128 0x3
 1549 006f 27010000 		.4byte	.LASF10
 1550 0073 02       		.byte	0x2
 1551 0074 18       		.byte	0x18
 1552 0075 24000000 		.4byte	0x24
 1553 0079 05       		.uleb128 0x5
 1554 007a 91000000 		.4byte	0x91
 1555 007e 8A000000 		.4byte	0x8a
 1556 0082 06       		.uleb128 0x6
 1557 0083 8A000000 		.4byte	0x8a
 1558 0087 8705     		.2byte	0x587
 1559 0089 00       		.byte	0
 1560 008a 02       		.uleb128 0x2
 1561 008b 04       		.byte	0x4
 1562 008c 07       		.byte	0x7
 1563 008d 52010000 		.4byte	.LASF11
 1564 0091 07       		.uleb128 0x7
 1565 0092 6E000000 		.4byte	0x6e
 1566 0096 08       		.uleb128 0x8
 1567 0097 F1000000 		.4byte	.LASF12
 1568 009b 03       		.byte	0x3
 1569 009c 1F       		.byte	0x1f
 1570 009d A7000000 		.4byte	0xa7
 1571 00a1 05       		.uleb128 0x5
 1572 00a2 03       		.byte	0x3
 1573 00a3 00000000 		.4byte	cy_meta_configecc
 1574 00a7 07       		.uleb128 0x7
 1575 00a8 79000000 		.4byte	0x79
 1576 00ac 05       		.uleb128 0x5
 1577 00ad 91000000 		.4byte	0x91
 1578 00b1 BC000000 		.4byte	0xbc
 1579 00b5 09       		.uleb128 0x9
 1580 00b6 8A000000 		.4byte	0x8a
 1581 00ba 03       		.byte	0x3
 1582 00bb 00       		.byte	0
 1583 00bc 08       		.uleb128 0x8
 1584 00bd E1000000 		.4byte	.LASF13
 1585 00c1 03       		.byte	0x3
 1586 00c2 DD       		.byte	0xdd
 1587 00c3 CD000000 		.4byte	0xcd
 1588 00c7 05       		.uleb128 0x5
 1589 00c8 03       		.byte	0x3
 1590 00c9 00000000 		.4byte	cy_meta_custnvl
 1591 00cd 07       		.uleb128 0x7
 1592 00ce AC000000 		.4byte	0xac
ARM GAS  C:\Users\ALESSA~1\AppData\Local\Temp\cckvnH6d.s 			page 29


 1593 00d2 08       		.uleb128 0x8
 1594 00d3 44010000 		.4byte	.LASF14
 1595 00d7 03       		.byte	0x3
 1596 00d8 EB       		.byte	0xeb
 1597 00d9 E3000000 		.4byte	0xe3
 1598 00dd 05       		.uleb128 0x5
 1599 00de 03       		.byte	0x3
 1600 00df 00000000 		.4byte	cy_meta_wonvl
 1601 00e3 07       		.uleb128 0x7
 1602 00e4 AC000000 		.4byte	0xac
 1603 00e8 05       		.uleb128 0x5
 1604 00e9 91000000 		.4byte	0x91
 1605 00ed F8000000 		.4byte	0xf8
 1606 00f1 09       		.uleb128 0x9
 1607 00f2 8A000000 		.4byte	0x8a
 1608 00f6 FF       		.byte	0xff
 1609 00f7 00       		.byte	0
 1610 00f8 08       		.uleb128 0x8
 1611 00f9 2F010000 		.4byte	.LASF15
 1612 00fd 03       		.byte	0x3
 1613 00fe F9       		.byte	0xf9
 1614 00ff 09010000 		.4byte	0x109
 1615 0103 05       		.uleb128 0x5
 1616 0104 03       		.byte	0x3
 1617 0105 00000000 		.4byte	cy_meta_flashprotect
 1618 0109 07       		.uleb128 0x7
 1619 010a E8000000 		.4byte	0xe8
 1620 010e 05       		.uleb128 0x5
 1621 010f 91000000 		.4byte	0x91
 1622 0113 1E010000 		.4byte	0x11e
 1623 0117 09       		.uleb128 0x9
 1624 0118 8A000000 		.4byte	0x8a
 1625 011c 0B       		.byte	0xb
 1626 011d 00       		.byte	0
 1627 011e 0A       		.uleb128 0xa
 1628 011f 0A000000 		.4byte	.LASF16
 1629 0123 03       		.byte	0x3
 1630 0124 2601     		.2byte	0x126
 1631 0126 30010000 		.4byte	0x130
 1632 012a 05       		.uleb128 0x5
 1633 012b 03       		.byte	0x3
 1634 012c 00000000 		.4byte	cy_metadata
 1635 0130 07       		.uleb128 0x7
 1636 0131 0E010000 		.4byte	0x10e
 1637 0135 00       		.byte	0
 1638              		.section	.debug_abbrev,"",%progbits
 1639              	.Ldebug_abbrev0:
 1640 0000 01       		.uleb128 0x1
 1641 0001 11       		.uleb128 0x11
 1642 0002 01       		.byte	0x1
 1643 0003 25       		.uleb128 0x25
 1644 0004 0E       		.uleb128 0xe
 1645 0005 13       		.uleb128 0x13
 1646 0006 0B       		.uleb128 0xb
 1647 0007 03       		.uleb128 0x3
 1648 0008 0E       		.uleb128 0xe
 1649 0009 1B       		.uleb128 0x1b
ARM GAS  C:\Users\ALESSA~1\AppData\Local\Temp\cckvnH6d.s 			page 30


 1650 000a 0E       		.uleb128 0xe
 1651 000b 10       		.uleb128 0x10
 1652 000c 17       		.uleb128 0x17
 1653 000d 00       		.byte	0
 1654 000e 00       		.byte	0
 1655 000f 02       		.uleb128 0x2
 1656 0010 24       		.uleb128 0x24
 1657 0011 00       		.byte	0
 1658 0012 0B       		.uleb128 0xb
 1659 0013 0B       		.uleb128 0xb
 1660 0014 3E       		.uleb128 0x3e
 1661 0015 0B       		.uleb128 0xb
 1662 0016 03       		.uleb128 0x3
 1663 0017 0E       		.uleb128 0xe
 1664 0018 00       		.byte	0
 1665 0019 00       		.byte	0
 1666 001a 03       		.uleb128 0x3
 1667 001b 16       		.uleb128 0x16
 1668 001c 00       		.byte	0
 1669 001d 03       		.uleb128 0x3
 1670 001e 0E       		.uleb128 0xe
 1671 001f 3A       		.uleb128 0x3a
 1672 0020 0B       		.uleb128 0xb
 1673 0021 3B       		.uleb128 0x3b
 1674 0022 0B       		.uleb128 0xb
 1675 0023 49       		.uleb128 0x49
 1676 0024 13       		.uleb128 0x13
 1677 0025 00       		.byte	0
 1678 0026 00       		.byte	0
 1679 0027 04       		.uleb128 0x4
 1680 0028 24       		.uleb128 0x24
 1681 0029 00       		.byte	0
 1682 002a 0B       		.uleb128 0xb
 1683 002b 0B       		.uleb128 0xb
 1684 002c 3E       		.uleb128 0x3e
 1685 002d 0B       		.uleb128 0xb
 1686 002e 03       		.uleb128 0x3
 1687 002f 08       		.uleb128 0x8
 1688 0030 00       		.byte	0
 1689 0031 00       		.byte	0
 1690 0032 05       		.uleb128 0x5
 1691 0033 01       		.uleb128 0x1
 1692 0034 01       		.byte	0x1
 1693 0035 49       		.uleb128 0x49
 1694 0036 13       		.uleb128 0x13
 1695 0037 01       		.uleb128 0x1
 1696 0038 13       		.uleb128 0x13
 1697 0039 00       		.byte	0
 1698 003a 00       		.byte	0
 1699 003b 06       		.uleb128 0x6
 1700 003c 21       		.uleb128 0x21
 1701 003d 00       		.byte	0
 1702 003e 49       		.uleb128 0x49
 1703 003f 13       		.uleb128 0x13
 1704 0040 2F       		.uleb128 0x2f
 1705 0041 05       		.uleb128 0x5
 1706 0042 00       		.byte	0
ARM GAS  C:\Users\ALESSA~1\AppData\Local\Temp\cckvnH6d.s 			page 31


 1707 0043 00       		.byte	0
 1708 0044 07       		.uleb128 0x7
 1709 0045 26       		.uleb128 0x26
 1710 0046 00       		.byte	0
 1711 0047 49       		.uleb128 0x49
 1712 0048 13       		.uleb128 0x13
 1713 0049 00       		.byte	0
 1714 004a 00       		.byte	0
 1715 004b 08       		.uleb128 0x8
 1716 004c 34       		.uleb128 0x34
 1717 004d 00       		.byte	0
 1718 004e 03       		.uleb128 0x3
 1719 004f 0E       		.uleb128 0xe
 1720 0050 3A       		.uleb128 0x3a
 1721 0051 0B       		.uleb128 0xb
 1722 0052 3B       		.uleb128 0x3b
 1723 0053 0B       		.uleb128 0xb
 1724 0054 49       		.uleb128 0x49
 1725 0055 13       		.uleb128 0x13
 1726 0056 3F       		.uleb128 0x3f
 1727 0057 19       		.uleb128 0x19
 1728 0058 02       		.uleb128 0x2
 1729 0059 18       		.uleb128 0x18
 1730 005a 00       		.byte	0
 1731 005b 00       		.byte	0
 1732 005c 09       		.uleb128 0x9
 1733 005d 21       		.uleb128 0x21
 1734 005e 00       		.byte	0
 1735 005f 49       		.uleb128 0x49
 1736 0060 13       		.uleb128 0x13
 1737 0061 2F       		.uleb128 0x2f
 1738 0062 0B       		.uleb128 0xb
 1739 0063 00       		.byte	0
 1740 0064 00       		.byte	0
 1741 0065 0A       		.uleb128 0xa
 1742 0066 34       		.uleb128 0x34
 1743 0067 00       		.byte	0
 1744 0068 03       		.uleb128 0x3
 1745 0069 0E       		.uleb128 0xe
 1746 006a 3A       		.uleb128 0x3a
 1747 006b 0B       		.uleb128 0xb
 1748 006c 3B       		.uleb128 0x3b
 1749 006d 05       		.uleb128 0x5
 1750 006e 49       		.uleb128 0x49
 1751 006f 13       		.uleb128 0x13
 1752 0070 3F       		.uleb128 0x3f
 1753 0071 19       		.uleb128 0x19
 1754 0072 02       		.uleb128 0x2
 1755 0073 18       		.uleb128 0x18
 1756 0074 00       		.byte	0
 1757 0075 00       		.byte	0
 1758 0076 00       		.byte	0
 1759              		.section	.debug_aranges,"",%progbits
 1760 0000 14000000 		.4byte	0x14
 1761 0004 0200     		.2byte	0x2
 1762 0006 00000000 		.4byte	.Ldebug_info0
 1763 000a 04       		.byte	0x4
ARM GAS  C:\Users\ALESSA~1\AppData\Local\Temp\cckvnH6d.s 			page 32


 1764 000b 00       		.byte	0
 1765 000c 0000     		.2byte	0
 1766 000e 0000     		.2byte	0
 1767 0010 00000000 		.4byte	0
 1768 0014 00000000 		.4byte	0
 1769              		.section	.debug_line,"",%progbits
 1770              	.Ldebug_line0:
 1771 0000 3D010000 		.section	.debug_str,"MS",%progbits,1
 1771      02003701 
 1771      00000201 
 1771      FB0E0D00 
 1771      01010101 
 1772              	.LASF9:
 1773 0000 5F5F7569 		.ascii	"__uint8_t\000"
 1773      6E74385F 
 1773      7400
 1774              	.LASF16:
 1775 000a 63795F6D 		.ascii	"cy_metadata\000"
 1775      65746164 
 1775      61746100 
 1776              	.LASF1:
 1777 0016 756E7369 		.ascii	"unsigned char\000"
 1777      676E6564 
 1777      20636861 
 1777      7200
 1778              	.LASF17:
 1779 0024 474E5520 		.ascii	"GNU C11 5.4.1 20160609 (release) [ARM/embedded-5-br"
 1779      43313120 
 1779      352E342E 
 1779      31203230 
 1779      31363036 
 1780 0057 616E6368 		.ascii	"anch revision 237715] -mcpu=cortex-m3 -mthumb -g -O"
 1780      20726576 
 1780      6973696F 
 1780      6E203233 
 1780      37373135 
 1781 008a 67202D66 		.ascii	"g -ffunction-sections -ffat-lto-objects\000"
 1781      66756E63 
 1781      74696F6E 
 1781      2D736563 
 1781      74696F6E 
 1782              	.LASF5:
 1783 00b2 6C6F6E67 		.ascii	"long unsigned int\000"
 1783      20756E73 
 1783      69676E65 
 1783      6420696E 
 1783      7400
 1784              	.LASF3:
 1785 00c4 73686F72 		.ascii	"short unsigned int\000"
 1785      7420756E 
 1785      7369676E 
 1785      65642069 
 1785      6E7400
 1786              	.LASF2:
 1787 00d7 73686F72 		.ascii	"short int\000"
 1787      7420696E 
 1787      7400
ARM GAS  C:\Users\ALESSA~1\AppData\Local\Temp\cckvnH6d.s 			page 33


 1788              	.LASF13:
 1789 00e1 63795F6D 		.ascii	"cy_meta_custnvl\000"
 1789      6574615F 
 1789      63757374 
 1789      6E766C00 
 1790              	.LASF12:
 1791 00f1 63795F6D 		.ascii	"cy_meta_configecc\000"
 1791      6574615F 
 1791      636F6E66 
 1791      69676563 
 1791      6300
 1792              	.LASF8:
 1793 0103 756E7369 		.ascii	"unsigned int\000"
 1793      676E6564 
 1793      20696E74 
 1793      00
 1794              	.LASF7:
 1795 0110 6C6F6E67 		.ascii	"long long unsigned int\000"
 1795      206C6F6E 
 1795      6720756E 
 1795      7369676E 
 1795      65642069 
 1796              	.LASF10:
 1797 0127 75696E74 		.ascii	"uint8_t\000"
 1797      385F7400 
 1798              	.LASF15:
 1799 012f 63795F6D 		.ascii	"cy_meta_flashprotect\000"
 1799      6574615F 
 1799      666C6173 
 1799      6870726F 
 1799      74656374 
 1800              	.LASF14:
 1801 0144 63795F6D 		.ascii	"cy_meta_wonvl\000"
 1801      6574615F 
 1801      776F6E76 
 1801      6C00
 1802              	.LASF11:
 1803 0152 73697A65 		.ascii	"sizetype\000"
 1803      74797065 
 1803      00
 1804              	.LASF6:
 1805 015b 6C6F6E67 		.ascii	"long long int\000"
 1805      206C6F6E 
 1805      6720696E 
 1805      7400
 1806              	.LASF19:
 1807 0169 433A5C55 		.ascii	"C:\\Users\\Alessandro\\Downloads\\V13\\Design01.cyd"
 1807      73657273 
 1807      5C416C65 
 1807      7373616E 
 1807      64726F5C 
 1808 0197 736E00   		.ascii	"sn\000"
 1809              	.LASF4:
 1810 019a 6C6F6E67 		.ascii	"long int\000"
 1810      20696E74 
 1810      00
 1811              	.LASF0:
ARM GAS  C:\Users\ALESSA~1\AppData\Local\Temp\cckvnH6d.s 			page 34


 1812 01a3 7369676E 		.ascii	"signed char\000"
 1812      65642063 
 1812      68617200 
 1813              	.LASF18:
 1814 01af 47656E65 		.ascii	"Generated_Source\\PSoC5\\cymetadata.c\000"
 1814      72617465 
 1814      645F536F 
 1814      75726365 
 1814      5C50536F 
 1815              		.ident	"GCC: (GNU Tools for ARM Embedded Processors) 5.4.1 20160609 (release) [ARM/embedded-5-bran
