Archive member included to satisfy reference by file (symbol)

.\CortexM3\ARM_GCC_541\Debug\Design01.a(UART_1.o)
                              .\CortexM3\ARM_GCC_541\Debug\main.o (UART_1_Enable)
.\CortexM3\ARM_GCC_541\Debug\Design01.a(Opamp_1.o)
                              .\CortexM3\ARM_GCC_541\Debug\main.o (Opamp_1_Start)
.\CortexM3\ARM_GCC_541\Debug\Design01.a(Opamp_2.o)
                              .\CortexM3\ARM_GCC_541\Debug\main.o (Opamp_2_Start)
.\CortexM3\ARM_GCC_541\Debug\Design01.a(DIGITOS.o)
                              .\CortexM3\ARM_GCC_541\Debug\main.o (DIGITOS_Write)
.\CortexM3\ARM_GCC_541\Debug\Design01.a(UART_1_IntClock.o)
                              .\CortexM3\ARM_GCC_541\Debug\Design01.a(UART_1.o) (UART_1_IntClock_Start)
.\CortexM3\ARM_GCC_541\Debug\Design01.a(CyLib.o)
                              .\CortexM3\ARM_GCC_541\Debug\Cm3Start.o (CyHalt)
.\CortexM3\ARM_GCC_541\Debug\Design01.a(cyPm.o)
                              .\CortexM3\ARM_GCC_541\Debug\Design01.a(CyLib.o) (CyPmReadStatus)
.\CortexM3\ARM_GCC_541\Debug\Design01.a(Opamp_3.o)
                              .\CortexM3\ARM_GCC_541\Debug\main.o (Opamp_3_Start)
.\CortexM3\ARM_GCC_541\Debug\Design01.a(isr_tx.o)
                              .\CortexM3\ARM_GCC_541\Debug\main.o (isr_tx_StartEx)
.\CortexM3\ARM_GCC_541\Debug\Design01.a(isr_rx.o)
                              .\CortexM3\ARM_GCC_541\Debug\main.o (isr_rx_StartEx)
.\CortexM3\ARM_GCC_541\Debug\Design01.a(isr_b1.o)
                              .\CortexM3\ARM_GCC_541\Debug\main.o (isr_b1_StartEx)
.\CortexM3\ARM_GCC_541\Debug\Design01.a(isr_b2.o)
                              .\CortexM3\ARM_GCC_541\Debug\main.o (isr_b2_StartEx)
.\CortexM3\ARM_GCC_541\Debug\Design01.a(isr_b3.o)
                              .\CortexM3\ARM_GCC_541\Debug\main.o (isr_b3_StartEx)
.\CortexM3\ARM_GCC_541\Debug\Design01.a(isr_clkDigits.o)
                              .\CortexM3\ARM_GCC_541\Debug\main.o (isr_clkDigits_StartEx)
.\CortexM3\ARM_GCC_541\Debug\Design01.a(Timer_1.o)
                              .\CortexM3\ARM_GCC_541\Debug\main.o (Timer_1_ReadStatusRegister)
.\CortexM3\ARM_GCC_541\Debug\Design01.a(SS_A.o)
                              .\CortexM3\ARM_GCC_541\Debug\main.o (SS_A_Write)
.\CortexM3\ARM_GCC_541\Debug\Design01.a(SS_B.o)
                              .\CortexM3\ARM_GCC_541\Debug\main.o (SS_B_Write)
.\CortexM3\ARM_GCC_541\Debug\Design01.a(SS_C.o)
                              .\CortexM3\ARM_GCC_541\Debug\main.o (SS_C_Write)
.\CortexM3\ARM_GCC_541\Debug\Design01.a(SS_D.o)
                              .\CortexM3\ARM_GCC_541\Debug\main.o (SS_D_Write)
.\CortexM3\ARM_GCC_541\Debug\Design01.a(SS_E.o)
                              .\CortexM3\ARM_GCC_541\Debug\main.o (SS_E_Write)
.\CortexM3\ARM_GCC_541\Debug\Design01.a(SS_F.o)
                              .\CortexM3\ARM_GCC_541\Debug\main.o (SS_F_Write)
.\CortexM3\ARM_GCC_541\Debug\Design01.a(SS_G.o)
                              .\CortexM3\ARM_GCC_541\Debug\main.o (SS_G_Write)
.\CortexM3\ARM_GCC_541\Debug\Design01.a(SS_P.o)
                              .\CortexM3\ARM_GCC_541\Debug\main.o (SS_P_Write)
.\CortexM3\ARM_GCC_541\Debug\Design01.a(LED_MSB.o)
                              .\CortexM3\ARM_GCC_541\Debug\main.o (LED_MSB_Write)
.\CortexM3\ARM_GCC_541\Debug\Design01.a(LED_LSB.o)
                              .\CortexM3\ARM_GCC_541\Debug\main.o (LED_LSB_Write)
.\CortexM3\ARM_GCC_541\Debug\Design01.a(CyBootAsmGnu.o)
                              .\CortexM3\ARM_GCC_541\Debug\cyfitter_cfg.o (CyDelayCycles)
.\CortexM3\ARM_GCC_541\Debug\Design01.a(CyFlash.o)
                              .\CortexM3\ARM_GCC_541\Debug\Design01.a(cyPm.o) (CyFlash_SetWaitCycles)
.\CortexM3\ARM_GCC_541\Debug\Design01.a(CySpc.o)
                              .\CortexM3\ARM_GCC_541\Debug\Design01.a(CyFlash.o) (CySpcStart)
c:/program files (x86)/cypress/psoc creator/4.4/psoc creator/import/gnu/arm/5.4.1/bin/../lib/gcc/arm-none-eabi/5.4.1/../../../../arm-none-eabi/lib/armv7-m\libg_nano.a(lib_a-errno.o)
                              .\CortexM3\ARM_GCC_541\Debug\Cm3Start.o (__errno)
c:/program files (x86)/cypress/psoc creator/4.4/psoc creator/import/gnu/arm/5.4.1/bin/../lib/gcc/arm-none-eabi/5.4.1/../../../../arm-none-eabi/lib/armv7-m\libg_nano.a(lib_a-exit.o)
                              c:/program files (x86)/cypress/psoc creator/4.4/psoc creator/import/gnu/arm/5.4.1/bin/../lib/gcc/arm-none-eabi/5.4.1/../../../../arm-none-eabi/lib/armv7-m/crt0.o (exit)
c:/program files (x86)/cypress/psoc creator/4.4/psoc creator/import/gnu/arm/5.4.1/bin/../lib/gcc/arm-none-eabi/5.4.1/../../../../arm-none-eabi/lib/armv7-m\libg_nano.a(lib_a-impure.o)
                              c:/program files (x86)/cypress/psoc creator/4.4/psoc creator/import/gnu/arm/5.4.1/bin/../lib/gcc/arm-none-eabi/5.4.1/../../../../arm-none-eabi/lib/armv7-m\libg_nano.a(lib_a-exit.o) (_global_impure_ptr)
[...]
Memory Configuration

Name             Origin             Length             Attributes
rom              0x00000000         0x00040000         xr
ram              0x1fff8000         0x00010000         xrw
*default*        0x00000000         0xffffffff

Linker script and memory map

LOAD c:/program files (x86)/cypress/psoc creator/4.4/psoc creator/import/gnu/arm/5.4.1/bin/../lib/gcc/arm-none-eabi/5.4.1/armv7-m/crti.o
LOAD c:/program files (x86)/cypress/psoc creator/4.4/psoc creator/import/gnu/arm/5.4.1/bin/../lib/gcc/arm-none-eabi/5.4.1/armv7-m/crtbegin.o
LOAD c:/program files (x86)/cypress/psoc creator/4.4/psoc creator/import/gnu/arm/5.4.1/bin/../lib/gcc/arm-none-eabi/5.4.1/../../../../arm-none-eabi/lib/armv7-m/crt0.o
START GROUP
LOAD .\CortexM3\ARM_GCC_541\Debug\main.o
LOAD .\CortexM3\ARM_GCC_541\Debug\cyfitter_cfg.o
LOAD .\CortexM3\ARM_GCC_541\Debug\cymetadata.o
LOAD .\CortexM3\ARM_GCC_541\Debug\Cm3Start.o
LOAD .\CortexM3\ARM_GCC_541\Debug\Design01.a
LOAD C:\Program Files (x86)\Cypress\PSoC Creator\4.4\PSoC Creator\psoc\content\cycomponentlibrary\CyComponentLibrary.cylib\CortexM3\ARM_GCC_541\Debug\CyComponentLibrary.a
END GROUP
START GROUP
LOAD c:/program files (x86)/cypress/psoc creator/4.4/psoc creator/import/gnu/arm/5.4.1/bin/../lib/gcc/arm-none-eabi/5.4.1/armv7-m\libgcc.a
LOAD c:/program files (x86)/cypress/psoc creator/4.4/psoc creator/import/gnu/arm/5.4.1/bin/../lib/gcc/arm-none-eabi/5.4.1/../../../../arm-none-eabi/lib/armv7-m\libg_nano.a
LOAD c:/program files (x86)/cypress/psoc creator/4.4/psoc creator/import/gnu/arm/5.4.1/bin/../lib/gcc/arm-none-eabi/5.4.1/../../../../arm-none-eabi/lib/armv7-m\libc_nano.a
END GROUP
START GROUP
LOAD c:/program files (x86)/cypress/psoc creator/4.4/psoc creator/import/gnu/arm/5.4.1/bin/../lib/gcc/arm-none-eabi/5.4.1/armv7-m\libgcc.a
LOAD c:/program files (x86)/cypress/psoc creator/4.4/psoc creator/import/gnu/arm/5.4.1/bin/../lib/gcc/arm-none-eabi/5.4.1/../../../../arm-none-eabi/lib/armv7-m\libc_nano.a
END GROUP
LOAD c:/program files (x86)/cypress/psoc creator/4.4/psoc creator/import/gnu/arm/5.4.1/bin/../lib/gcc/arm-none-eabi/5.4.1/armv7-m/crtend.o
LOAD c:/program files (x86)/cypress/psoc creator/4.4/psoc creator/import/gnu/arm/5.4.1/bin/../lib/gcc/arm-none-eabi/5.4.1/armv7-m/crtn.o
START GROUP
LOAD c:/program files (x86)/cypress/psoc creator/4.4/psoc creator/import/gnu/arm/5.4.1/bin/../lib/gcc/arm-none-eabi/5.4.1/armv7-m\libgcc.a
LOAD c:/program files (x86)/cypress/psoc creator/4.4/psoc creator/import/gnu/arm/5.4.1/bin/../lib/gcc/arm-none-eabi/5.4.1/../../../../arm-none-eabi/lib/armv7-m\libc.a
LOAD c:/program files (x86)/cypress/psoc creator/4.4/psoc creator/import/gnu/arm/5.4.1/bin/../lib/gcc/arm-none-eabi/5.4.1/../../../../arm-none-eabi/lib/armv7-m\libnosys.a
END GROUP
                0x00000000                CY_APPL_ORIGIN = 0x0
                0x00000100                CY_FLASH_ROW_SIZE = 0x100
                0x00000020                CY_ECC_ROW_SIZE = 0x20
                0x00000000                CY_EE_IN_BTLDR = 0x0
                0x00000000                CY_APPL_LOADABLE = 0x0
                0x00000800                CY_EE_SIZE = 0x800
                0x00000001                CY_APPL_NUM = 0x1
                0x00000001                CY_APPL_MAX = 0x1
                0x00000040                CY_METADATA_SIZE = 0x40
                0x00000000                CY_APPL_LOADABLE = 0x0
                0x00000000                CY_CHECKSUM_EXCLUDE_SIZE = ALIGN (0x0, CY_FLASH_ROW_SIZE)
                [!provide]                PROVIDE (__cy_heap_start, _end)
                0x00000001                PROVIDE (__cy_region_num, ((__cy_regions_end - __cy_regions) / 0x10))
                0x20008000                PROVIDE (__cy_stack, (ORIGIN (ram) + LENGTH (ram)))
                [!provide]                PROVIDE (__cy_heap_end, (__cy_stack - 0x800))

.cybootloader   0x00000000        0x0
 *(.cybootloader)
                0x00000000                appl1_start = CY_APPL_ORIGIN?CY_APPL_ORIGIN:ALIGN (CY_FLASH_ROW_SIZE)
                0x0001ff00                appl2_start = (appl1_start + ALIGN ((((LENGTH (rom) - appl1_start) - (0x2 * CY_FLASH_ROW_SIZE)) / 0x2), CY_FLASH_ROW_SIZE))
                0x00000000                appl_start = (CY_APPL_NUM == 0x1)?appl1_start:appl2_start
                0x00000000                ecc_offset = ((appl_start / CY_FLASH_ROW_SIZE) * CY_ECC_ROW_SIZE)
                0x00000000                ee_offset = (CY_APPL_LOADABLE && ! (CY_EE_IN_BTLDR))?((CY_EE_SIZE / CY_APPL_MAX) * (CY_APPL_NUM - 0x1)):0x0
                0x00000800                ee_size = (CY_APPL_LOADABLE && ! (CY_EE_IN_BTLDR))?(CY_EE_SIZE / CY_APPL_MAX):CY_EE_SIZE
                [!provide]                PROVIDE (CY_ECC_OFFSET, ecc_offset)

.text           0x00000000      0xe6e
 CREATE_OBJECT_SYMBOLS
                0x00000000                PROVIDE (__cy_interrupt_vector, RomVectors)
 *(.romvectors)
 .romvectors    0x00000000       0x10 .\CortexM3\ARM_GCC_541\Debug\Cm3Start.o
                0x00000000                RomVectors
                0x00000001                ASSERT ((. != __cy_interrupt_vector), No interrupt vector)
                0x00000001                ASSERT (CY_APPL_ORIGIN?(SIZEOF (.cybootloader) <= CY_APPL_ORIGIN):0x1, Wrong image location)
                0x00000010                PROVIDE (__cy_reset, Reset)
 *(.text.Reset)
 .text.Reset    0x00000010       0x18 .\CortexM3\ARM_GCC_541\Debug\Cm3Start.o
                0x00000010                Reset
                0x00000001                ASSERT ((. != __cy_reset), No reset code)
 *(.dma_init)
                0x00000001                ASSERT ((((appl_start + .) <= 0x10000) || 0x1), DMA Init must be within the first 64k of flash)
 *(.text .text.* .gnu.linkonce.t.*)
 .text          0x00000028       0x5c c:/program files (x86)/cypress/psoc creator/4.4/psoc creator/import/gnu/arm/5.4.1/bin/../lib/gcc/arm-none-eabi/5.4.1/armv7-m/crtbegin.o
 .text.isr_b3   0x00000084        0xc .\CortexM3\ARM_GCC_541\Debug\main.o
                0x00000084                isr_b3
 .text.isr_b1   0x00000090       0x34 .\CortexM3\ARM_GCC_541\Debug\main.o
                0x00000090                isr_b1
 .text.isr_b2   0x000000c4       0x68 .\CortexM3\ARM_GCC_541\Debug\main.o
                0x000000c4                isr_b2
 .text.isr_rx   0x0000012c       0x40 .\CortexM3\ARM_GCC_541\Debug\main.o
                0x0000012c                isr_rx
 .text.codification
                0x0000016c       0x1c .\CortexM3\ARM_GCC_541\Debug\main.o
                0x0000016c                codification
 .text.SSeg     0x00000188       0x40 .\CortexM3\ARM_GCC_541\Debug\main.o
                0x00000188                SSeg
 .text.DisplayNumber
                0x000001c8       0x44 .\CortexM3\ARM_GCC_541\Debug\main.o
                0x000001c8                DisplayNumber
 .text.isr_clkDigits
                0x0000020c       0xcc .\CortexM3\ARM_GCC_541\Debug\main.o
                0x0000020c                isr_clkDigits
 .text.isr_tx   0x000002d8       0x30 .\CortexM3\ARM_GCC_541\Debug\main.o
                0x000002d8                isr_tx
 .text.main     0x00000308      0x164 .\CortexM3\ARM_GCC_541\Debug\main.o
                0x00000308                main
 .text.CyClockStartupError
                0x0000046c        0x4 .\CortexM3\ARM_GCC_541\Debug\cyfitter_cfg.o
 .text.cfg_write_bytes32
                0x00000470       0x34 .\CortexM3\ARM_GCC_541\Debug\cyfitter_cfg.o
 .text.AnalogSetDefault
                0x000004a4       0x38 .\CortexM3\ARM_GCC_541\Debug\cyfitter_cfg.o
 .text.CYMEMZERO
                0x000004dc        0xc .\CortexM3\ARM_GCC_541\Debug\cyfitter_cfg.o
 .text.ClockSetup
                0x000004e8       0xcc .\CortexM3\ARM_GCC_541\Debug\cyfitter_cfg.o
 .text.CYCONFIGCPY
                0x000005b4        0x8 .\CortexM3\ARM_GCC_541\Debug\cyfitter_cfg.o
 .text.cyfitter_cfg
                0x000005bc      0x114 .\CortexM3\ARM_GCC_541\Debug\cyfitter_cfg.o
                0x000005bc                cyfitter_cfg
 .text.IntDefaultHandler
                0x000006d0       0x10 .\CortexM3\ARM_GCC_541\Debug\Cm3Start.o
                0x000006d0                IntDefaultHandler
 .text.Start_c  0x000006e0       0x4c .\CortexM3\ARM_GCC_541\Debug\Cm3Start.o
                0x000006e0                Start_c
 .text.initialize_psoc
                0x0000072c       0x68 .\CortexM3\ARM_GCC_541\Debug\Cm3Start.o
                0x0000072c                initialize_psoc
 .text.UART_1_Init
                0x00000794       0x24 .\CortexM3\ARM_GCC_541\Debug\Design01.a(UART_1.o)
                0x00000794                UART_1_Init
 .text.UART_1_Enable
                0x000007b8       0x38 .\CortexM3\ARM_GCC_541\Debug\Design01.a(UART_1.o)
                0x000007b8                UART_1_Enable
 .text.UART_1_Start
                0x000007f0       0x1c .\CortexM3\ARM_GCC_541\Debug\Design01.a(UART_1.o)
                0x000007f0                UART_1_Start
 .text.UART_1_ReadRxData
                0x0000080c        0xc .\CortexM3\ARM_GCC_541\Debug\Design01.a(UART_1.o)
                0x0000080c                UART_1_ReadRxData
 .text.UART_1_ReadRxStatus
                0x00000818       0x10 .\CortexM3\ARM_GCC_541\Debug\Design01.a(UART_1.o)
                0x00000818                UART_1_ReadRxStatus
 .text.UART_1_GetByte
                0x00000828       0x14 .\CortexM3\ARM_GCC_541\Debug\Design01.a(UART_1.o)
                0x00000828                UART_1_GetByte
 .text.UART_1_WriteTxData
                0x0000083c       0x14 .\CortexM3\ARM_GCC_541\Debug\Design01.a(UART_1.o)
                0x0000083c                UART_1_WriteTxData
 .text.UART_1_ClearTxBuffer
                0x00000850       0x24 .\CortexM3\ARM_GCC_541\Debug\Design01.a(UART_1.o)
                0x00000850                UART_1_ClearTxBuffer
 .text.Opamp_1_Enable
                0x00000874       0x28 .\CortexM3\ARM_GCC_541\Debug\Design01.a(Opamp_1.o)
                0x00000874                Opamp_1_Enable
 .text.Opamp_1_SetPower
                0x0000089c       0x1c .\CortexM3\ARM_GCC_541\Debug\Design01.a(Opamp_1.o)
                0x0000089c                Opamp_1_SetPower
 .text.Opamp_1_Init
                0x000008b8        0xc .\CortexM3\ARM_GCC_541\Debug\Design01.a(Opamp_1.o)
                0x000008b8                Opamp_1_Init
 .text.Opamp_1_Start
                0x000008c4       0x1c .\CortexM3\ARM_GCC_541\Debug\Design01.a(Opamp_1.o)
                0x000008c4                Opamp_1_Start
 .text.Opamp_2_Enable
                0x000008e0       0x28 .\CortexM3\ARM_GCC_541\Debug\Design01.a(Opamp_2.o)
                0x000008e0                Opamp_2_Enable
 .text.Opamp_2_SetPower
                0x00000908       0x1c .\CortexM3\ARM_GCC_541\Debug\Design01.a(Opamp_2.o)
                0x00000908                Opamp_2_SetPower
 .text.Opamp_2_Init
                0x00000924        0xc .\CortexM3\ARM_GCC_541\Debug\Design01.a(Opamp_2.o)
                0x00000924                Opamp_2_Init
 .text.Opamp_2_Start
                0x00000930       0x1c .\CortexM3\ARM_GCC_541\Debug\Design01.a(Opamp_2.o)
                0x00000930                Opamp_2_Start
 .text.DIGITOS_Write
                0x0000094c       0x18 .\CortexM3\ARM_GCC_541\Debug\Design01.a(DIGITOS.o)
                0x0000094c                DIGITOS_Write
 .text.UART_1_IntClock_Start
                0x00000964       0x1c .\CortexM3\ARM_GCC_541\Debug\Design01.a(UART_1_IntClock.o)
                0x00000964                UART_1_IntClock_Start
 .text.CyDelay  0x00000980       0x2c .\CortexM3\ARM_GCC_541\Debug\Design01.a(CyLib.o)
                0x00000980                CyDelay
 .text.Opamp_3_Enable
                0x000009ac       0x28 .\CortexM3\ARM_GCC_541\Debug\Design01.a(Opamp_3.o)
                0x000009ac                Opamp_3_Enable
 .text.Opamp_3_SetPower
                0x000009d4       0x1c .\CortexM3\ARM_GCC_541\Debug\Design01.a(Opamp_3.o)
                0x000009d4                Opamp_3_SetPower
 .text.Opamp_3_Init
                0x000009f0        0xc .\CortexM3\ARM_GCC_541\Debug\Design01.a(Opamp_3.o)
                0x000009f0                Opamp_3_Init
 .text.Opamp_3_Start
                0x000009fc       0x1c .\CortexM3\ARM_GCC_541\Debug\Design01.a(Opamp_3.o)
                0x000009fc                Opamp_3_Start
 .text.isr_tx_SetVector
                0x00000a18        0xc .\CortexM3\ARM_GCC_541\Debug\Design01.a(isr_tx.o)
                0x00000a18                isr_tx_SetVector
 .text.isr_tx_SetPriority
                0x00000a24       0x10 .\CortexM3\ARM_GCC_541\Debug\Design01.a(isr_tx.o)
                0x00000a24                isr_tx_SetPriority
 .text.isr_tx_Enable
                0x00000a34        0xc .\CortexM3\ARM_GCC_541\Debug\Design01.a(isr_tx.o)
                0x00000a34                isr_tx_Enable
 .text.isr_tx_Disable
                0x00000a40        0xc .\CortexM3\ARM_GCC_541\Debug\Design01.a(isr_tx.o)
                0x00000a40                isr_tx_Disable
 .text.isr_tx_StartEx
                0x00000a4c       0x1c .\CortexM3\ARM_GCC_541\Debug\Design01.a(isr_tx.o)
                0x00000a4c                isr_tx_StartEx
 .text.isr_rx_SetVector
                0x00000a68        0xc .\CortexM3\ARM_GCC_541\Debug\Design01.a(isr_rx.o)
                0x00000a68                isr_rx_SetVector
 .text.isr_rx_SetPriority
                0x00000a74       0x10 .\CortexM3\ARM_GCC_541\Debug\Design01.a(isr_rx.o)
                0x00000a74                isr_rx_SetPriority
 .text.isr_rx_Enable
                0x00000a84        0xc .\CortexM3\ARM_GCC_541\Debug\Design01.a(isr_rx.o)
                0x00000a84                isr_rx_Enable
 .text.isr_rx_Disable
                0x00000a90        0xc .\CortexM3\ARM_GCC_541\Debug\Design01.a(isr_rx.o)
                0x00000a90                isr_rx_Disable
 .text.isr_rx_StartEx
                0x00000a9c       0x1c .\CortexM3\ARM_GCC_541\Debug\Design01.a(isr_rx.o)
                0x00000a9c                isr_rx_StartEx
 .text.isr_b1_SetVector
                0x00000ab8        0xc .\CortexM3\ARM_GCC_541\Debug\Design01.a(isr_b1.o)
                0x00000ab8                isr_b1_SetVector
 .text.isr_b1_SetPriority
                0x00000ac4       0x10 .\CortexM3\ARM_GCC_541\Debug\Design01.a(isr_b1.o)
                0x00000ac4                isr_b1_SetPriority
 .text.isr_b1_Enable
                0x00000ad4        0xc .\CortexM3\ARM_GCC_541\Debug\Design01.a(isr_b1.o)
                0x00000ad4                isr_b1_Enable
 .text.isr_b1_Disable
                0x00000ae0        0xc .\CortexM3\ARM_GCC_541\Debug\Design01.a(isr_b1.o)
                0x00000ae0                isr_b1_Disable
 .text.isr_b1_StartEx
                0x00000aec       0x1c .\CortexM3\ARM_GCC_541\Debug\Design01.a(isr_b1.o)
                0x00000aec                isr_b1_StartEx
 .text.isr_b2_SetVector
                0x00000b08        0xc .\CortexM3\ARM_GCC_541\Debug\Design01.a(isr_b2.o)
                0x00000b08                isr_b2_SetVector
 .text.isr_b2_SetPriority
                0x00000b14       0x10 .\CortexM3\ARM_GCC_541\Debug\Design01.a(isr_b2.o)
                0x00000b14                isr_b2_SetPriority
 .text.isr_b2_Enable
                0x00000b24        0xc .\CortexM3\ARM_GCC_541\Debug\Design01.a(isr_b2.o)
                0x00000b24                isr_b2_Enable
 .text.isr_b2_Disable
                0x00000b30        0xc .\CortexM3\ARM_GCC_541\Debug\Design01.a(isr_b2.o)
                0x00000b30                isr_b2_Disable
 .text.isr_b2_StartEx
                0x00000b3c       0x1c .\CortexM3\ARM_GCC_541\Debug\Design01.a(isr_b2.o)
                0x00000b3c                isr_b2_StartEx
 .text.isr_b3_SetVector
                0x00000b58        0xc .\CortexM3\ARM_GCC_541\Debug\Design01.a(isr_b3.o)
                0x00000b58                isr_b3_SetVector
 .text.isr_b3_SetPriority
                0x00000b64       0x10 .\CortexM3\ARM_GCC_541\Debug\Design01.a(isr_b3.o)
                0x00000b64                isr_b3_SetPriority
 .text.isr_b3_Enable
                0x00000b74        0xc .\CortexM3\ARM_GCC_541\Debug\Design01.a(isr_b3.o)
                0x00000b74                isr_b3_Enable
 .text.isr_b3_Disable
                0x00000b80        0xc .\CortexM3\ARM_GCC_541\Debug\Design01.a(isr_b3.o)
                0x00000b80                isr_b3_Disable
 .text.isr_b3_StartEx
                0x00000b8c       0x1c .\CortexM3\ARM_GCC_541\Debug\Design01.a(isr_b3.o)
                0x00000b8c                isr_b3_StartEx
 .text.isr_clkDigits_SetVector
                0x00000ba8       0x10 .\CortexM3\ARM_GCC_541\Debug\Design01.a(isr_clkDigits.o)
                0x00000ba8                isr_clkDigits_SetVector
 .text.isr_clkDigits_SetPriority
                0x00000bb8       0x10 .\CortexM3\ARM_GCC_541\Debug\Design01.a(isr_clkDigits.o)
                0x00000bb8                isr_clkDigits_SetPriority
 .text.isr_clkDigits_Enable
                0x00000bc8       0x10 .\CortexM3\ARM_GCC_541\Debug\Design01.a(isr_clkDigits.o)
                0x00000bc8                isr_clkDigits_Enable
 .text.isr_clkDigits_Disable
                0x00000bd8       0x10 .\CortexM3\ARM_GCC_541\Debug\Design01.a(isr_clkDigits.o)
                0x00000bd8                isr_clkDigits_Disable
 .text.isr_clkDigits_StartEx
                0x00000be8       0x1c .\CortexM3\ARM_GCC_541\Debug\Design01.a(isr_clkDigits.o)
                0x00000be8                isr_clkDigits_StartEx
 .text.Timer_1_Enable
                0x00000c04       0x28 .\CortexM3\ARM_GCC_541\Debug\Design01.a(Timer_1.o)
                0x00000c04                Timer_1_Enable
 .text.Timer_1_SetInterruptMode
                0x00000c2c        0xc .\CortexM3\ARM_GCC_541\Debug\Design01.a(Timer_1.o)
                0x00000c2c                Timer_1_SetInterruptMode
 .text.Timer_1_ReadStatusRegister
                0x00000c38        0xc .\CortexM3\ARM_GCC_541\Debug\Design01.a(Timer_1.o)
                0x00000c38                Timer_1_ReadStatusRegister
 .text.Timer_1_WritePeriod
                0x00000c44        0xc .\CortexM3\ARM_GCC_541\Debug\Design01.a(Timer_1.o)
                0x00000c44                Timer_1_WritePeriod
 .text.Timer_1_WriteCounter
                0x00000c50        0xc .\CortexM3\ARM_GCC_541\Debug\Design01.a(Timer_1.o)
                0x00000c50                Timer_1_WriteCounter
 .text.Timer_1_Init
                0x00000c5c       0x64 .\CortexM3\ARM_GCC_541\Debug\Design01.a(Timer_1.o)
                0x00000c5c                Timer_1_Init
 .text.Timer_1_Start
                0x00000cc0       0x1c .\CortexM3\ARM_GCC_541\Debug\Design01.a(Timer_1.o)
                0x00000cc0                Timer_1_Start
 .text.SS_A_Write
                0x00000cdc       0x18 .\CortexM3\ARM_GCC_541\Debug\Design01.a(SS_A.o)
                0x00000cdc                SS_A_Write
 .text.SS_B_Write
                0x00000cf4       0x18 .\CortexM3\ARM_GCC_541\Debug\Design01.a(SS_B.o)
                0x00000cf4                SS_B_Write
 .text.SS_C_Write
                0x00000d0c       0x18 .\CortexM3\ARM_GCC_541\Debug\Design01.a(SS_C.o)
                0x00000d0c                SS_C_Write
 .text.SS_D_Write
                0x00000d24       0x18 .\CortexM3\ARM_GCC_541\Debug\Design01.a(SS_D.o)
                0x00000d24                SS_D_Write
 .text.SS_E_Write
                0x00000d3c       0x18 .\CortexM3\ARM_GCC_541\Debug\Design01.a(SS_E.o)
                0x00000d3c                SS_E_Write
 .text.SS_F_Write
                0x00000d54       0x18 .\CortexM3\ARM_GCC_541\Debug\Design01.a(SS_F.o)
                0x00000d54                SS_F_Write
 .text.SS_G_Write
                0x00000d6c       0x18 .\CortexM3\ARM_GCC_541\Debug\Design01.a(SS_G.o)
                0x00000d6c                SS_G_Write
 .text.SS_P_Write
                0x00000d84       0x18 .\CortexM3\ARM_GCC_541\Debug\Design01.a(SS_P.o)
                0x00000d84                SS_P_Write
 .text.LED_MSB_Write
                0x00000d9c       0x18 .\CortexM3\ARM_GCC_541\Debug\Design01.a(LED_MSB.o)
                0x00000d9c                LED_MSB_Write
 .text.LED_LSB_Write
                0x00000db4       0x18 .\CortexM3\ARM_GCC_541\Debug\Design01.a(LED_LSB.o)
                0x00000db4                LED_LSB_Write
 *fill*         0x00000dcc        0x4 
 .text          0x00000dd0       0x20 .\CortexM3\ARM_GCC_541\Debug\Design01.a(CyBootAsmGnu.o)
                0x00000dd0                CyDelayCycles
                0x00000de0                CyEnterCriticalSection
                0x00000de8                CyExitCriticalSection
 .text.__errno  0x00000df0        0xc c:/program files (x86)/cypress/psoc creator/4.4/psoc creator/import/gnu/arm/5.4.1/bin/../lib/gcc/arm-none-eabi/5.4.1/../../../../arm-none-eabi/lib/armv7-m\libg_nano.a(lib_a-errno.o)
                0x00000df0                __errno
 .text.__libc_init_array
                0x00000dfc       0x4c c:/program files (x86)/cypress/psoc creator/4.4/psoc creator/import/gnu/arm/5.4.1/bin/../lib/gcc/arm-none-eabi/5.4.1/../../../../arm-none-eabi/lib/armv7-m\libg_nano.a(lib_a-init.o)
                0x00000dfc                __libc_init_array
 .text.memcpy   0x00000e48       0x16 c:/program files (x86)/cypress/psoc creator/4.4/psoc creator/import/gnu/arm/5.4.1/bin/../lib/gcc/arm-none-eabi/5.4.1/../../../../arm-none-eabi/lib/armv7-m\libg_nano.a(lib_a-memcpy-stub.o)
                0x00000e48                memcpy
 .text.memset   0x00000e5e       0x10 c:/program files (x86)/cypress/psoc creator/4.4/psoc creator/import/gnu/arm/5.4.1/bin/../lib/gcc/arm-none-eabi/5.4.1/../../../../arm-none-eabi/lib/armv7-m\libg_nano.a(lib_a-memset.o)
                0x00000e5e                memset
 *(.plt)
 *(.gnu.warning)
 *(.glue_7t)
 .glue_7t       0x00000e6e        0x0 linker stubs
 *(.glue_7)
 .glue_7        0x00000e6e        0x0 linker stubs
 *(.vfp11_veneer)
 .vfp11_veneer  0x00000e6e        0x0 linker stubs
 *(.bootloader)
 *(.ARM.extab* .gnu.linkonce.armextab.*)
 *(.gcc_except_table)

.v4_bx          0x00000e70        0x0
 .v4_bx         0x00000e70        0x0 linker stubs

.iplt           0x00000e70        0x0
 .iplt          0x00000e70        0x0 c:/program files (x86)/cypress/psoc creator/4.4/psoc creator/import/gnu/arm/5.4.1/bin/../lib/gcc/arm-none-eabi/5.4.1/armv7-m/crtbegin.o

.eh_frame_hdr
 *(.eh_frame_hdr)

.eh_frame       0x00000e70        0x4
 *(.eh_frame)
 .eh_frame      0x00000e70        0x0 c:/program files (x86)/cypress/psoc creator/4.4/psoc creator/import/gnu/arm/5.4.1/bin/../lib/gcc/arm-none-eabi/5.4.1/armv7-m/crtbegin.o
 .eh_frame      0x00000e70        0x4 c:/program files (x86)/cypress/psoc creator/4.4/psoc creator/import/gnu/arm/5.4.1/bin/../lib/gcc/arm-none-eabi/5.4.1/armv7-m/crtend.o
                [!provide]                PROVIDE (__exidx_start, .)

.ARM.exidx
 *(.ARM.exidx* .gnu.linkonce.armexidx.*)
                0x00000e74                __exidx_end = .

.rodata         0x00000e74       0x8c
 *(.rodata .rodata.* .gnu.linkonce.r.*)
 .rodata        0x00000e74       0x24 .\CortexM3\ARM_GCC_541\Debug\main.o
 .rodata        0x00000e98       0x30 .\CortexM3\ARM_GCC_541\Debug\cyfitter_cfg.o
 .rodata.str1.1
                0x00000ec8        0x2 c:/program files (x86)/cypress/psoc creator/4.4/psoc creator/import/gnu/arm/5.4.1/bin/../lib/gcc/arm-none-eabi/5.4.1/../../../../arm-none-eabi/lib/armv7-m\libg_nano.a(lib_a-impure.o)
                0x00000ecc                . = ALIGN (0x4)
 *fill*         0x00000eca        0x2 
 *(.init)
 .init          0x00000ecc        0x4 c:/program files (x86)/cypress/psoc creator/4.4/psoc creator/import/gnu/arm/5.4.1/bin/../lib/gcc/arm-none-eabi/5.4.1/armv7-m/crti.o
                0x00000ecc                _init
 .init          0x00000ed0        0x8 c:/program files (x86)/cypress/psoc creator/4.4/psoc creator/import/gnu/arm/5.4.1/bin/../lib/gcc/arm-none-eabi/5.4.1/armv7-m/crtn.o
                0x00000ed8                . = ALIGN (0x4)
                0x00000ed8                __preinit_array_start = .
 *(.preinit_array)
                0x00000ed8                __preinit_array_end = .
                0x00000ed8                . = ALIGN (0x4)
                0x00000ed8                __init_array_start = .
 *(SORT(.init_array.*))
 *(.init_array)
 .init_array    0x00000ed8        0x4 c:/program files (x86)/cypress/psoc creator/4.4/psoc creator/import/gnu/arm/5.4.1/bin/../lib/gcc/arm-none-eabi/5.4.1/armv7-m/crtbegin.o
 .init_array    0x00000edc        0x4 .\CortexM3\ARM_GCC_541\Debug\Cm3Start.o
                0x00000ee0                __init_array_end = .
                0x00000ee0                . = ALIGN (0x4)
 *(.fini)
 .fini          0x00000ee0        0x4 c:/program files (x86)/cypress/psoc creator/4.4/psoc creator/import/gnu/arm/5.4.1/bin/../lib/gcc/arm-none-eabi/5.4.1/armv7-m/crti.o
                0x00000ee0                _fini
 .fini          0x00000ee4        0x8 c:/program files (x86)/cypress/psoc creator/4.4/psoc creator/import/gnu/arm/5.4.1/bin/../lib/gcc/arm-none-eabi/5.4.1/armv7-m/crtn.o
                0x00000eec                . = ALIGN (0x4)
                0x00000eec                __fini_array_start = .
 *(.fini_array)
 .fini_array    0x00000eec        0x4 c:/program files (x86)/cypress/psoc creator/4.4/psoc creator/import/gnu/arm/5.4.1/bin/../lib/gcc/arm-none-eabi/5.4.1/armv7-m/crtbegin.o
 *(SORT(.fini_array.*))
                0x00000ef0                __fini_array_end = .
                0x00000ef0                . = ALIGN (0x4)
 *crtbegin.o(.ctors)
 *(EXCLUDE_FILE(*crtend.o) .ctors)
 *(SORT(.ctors.*))
 *crtend.o(.ctors)
                0x00000ef0                . = ALIGN (0x4)
 *crtbegin.o(.dtors)
 *(EXCLUDE_FILE(*crtend.o) .dtors)
 *(SORT(.dtors.*))
 *crtend.o(.dtors)
                0x00000ef0                . = ALIGN (0x4)
                0x00000ef0                __cy_regions = .
                0x00000ef0        0x4 LONG 0xf00 __cy_region_init_ram
                0x00000ef4        0x4 LONG 0x1fff80c8 __cy_region_start_data
                0x00000ef8        0x4 LONG 0x210 __cy_region_init_size_ram
                0x00000efc        0x4 LONG 0x518 __cy_region_zero_size_ram
                0x00000f00                __cy_regions_end = .
                0x00000f00                . = ALIGN (0x8)
                0x00000f00                _etext = .

.cy_checksum_exclude
                0x00000f00        0x0
 *(.cy_checksum_exclude)

.ramvectors     0x1fff8000       0xc0
                0x1fff8000                __cy_region_start_ram = .
 *(.ramvectors)
 .ramvectors    0x1fff8000       0xc0 .\CortexM3\ARM_GCC_541\Debug\Cm3Start.o
                0x1fff8000                CyRamVectors

.noinit         0x1fff80c0        0x1
 *(.noinit)
 .noinit        0x1fff80c0        0x1 .\CortexM3\ARM_GCC_541\Debug\Design01.a(CyLib.o)
                0x1fff80c0                CyResetStatus

.data           0x1fff80c8      0x210 load address 0x00000f00
                0x1fff80c8                __cy_region_start_data = .
 *(.jcr)
 .jcr           0x1fff80c8        0x0 c:/program files (x86)/cypress/psoc creator/4.4/psoc creator/import/gnu/arm/5.4.1/bin/../lib/gcc/arm-none-eabi/5.4.1/armv7-m/crtbegin.o
 .jcr           0x1fff80c8        0x4 c:/program files (x86)/cypress/psoc creator/4.4/psoc creator/import/gnu/arm/5.4.1/bin/../lib/gcc/arm-none-eabi/5.4.1/armv7-m/crtend.o
 *(.got.plt)
 *(.got)
 *(.shdata)
 *(.data .data.* .gnu.linkonce.d.*)
 .data          0x1fff80cc      0x191 .\CortexM3\ARM_GCC_541\Debug\main.o
                0x1fff80cc                flood
                0x1fff825c                halfRobotState
 *fill*         0x1fff825d        0x3 
 .data          0x1fff8260       0x10 .\CortexM3\ARM_GCC_541\Debug\Design01.a(CyLib.o)
                0x1fff8260                cydelay_32k_ms
                0x1fff8264                cydelay_freq_khz
                0x1fff8268                cydelay_freq_mhz
                0x1fff826c                cydelay_freq_hz
 .data.impure_data
                0x1fff8270       0x60 c:/program files (x86)/cypress/psoc creator/4.4/psoc creator/import/gnu/arm/5.4.1/bin/../lib/gcc/arm-none-eabi/5.4.1/../../../../arm-none-eabi/lib/armv7-m\libg_nano.a(lib_a-impure.o)
 .data._impure_ptr
                0x1fff82d0        0x4 c:/program files (x86)/cypress/psoc creator/4.4/psoc creator/import/gnu/arm/5.4.1/bin/../lib/gcc/arm-none-eabi/5.4.1/../../../../arm-none-eabi/lib/armv7-m\libg_nano.a(lib_a-impure.o)
                0x1fff82d0                _impure_ptr
                0x1fff82d8                . = ALIGN (0x8)
 *fill*         0x1fff82d4        0x4 
 *(.ram)
                0x1fff82d8                _edata = .

.igot.plt       0x1fff82d8        0x0 load address 0x00001110
 .igot.plt      0x1fff82d8        0x0 c:/program files (x86)/cypress/psoc creator/4.4/psoc creator/import/gnu/arm/5.4.1/bin/../lib/gcc/arm-none-eabi/5.4.1/armv7-m/crtbegin.o

.bss            0x1fff82d8      0x518 load address 0x00001110
                0x1fff82d8                PROVIDE (__bss_start__, .)
 *(.shbss)
 *(.bss .bss.* .gnu.linkonce.b.*)
 .bss           0x1fff82d8       0x1c c:/program files (x86)/cypress/psoc creator/4.4/psoc creator/import/gnu/arm/5.4.1/bin/../lib/gcc/arm-none-eabi/5.4.1/armv7-m/crtbegin.o
 .bss           0x1fff82f4      0x4e4 .\CortexM3\ARM_GCC_541\Debug\main.o
                0x1fff82f4                MessageSent
                0x1fff82f8                mode
                0x1fff82f9                modeSelected
                0x1fff82fa                RobotState
                0x1fff82fc                R
                0x1fff8300                digitDisplay
                0x1fff8304                x
                0x1fff8308                y
                0x1fff830c                digitD1_value
                0x1fff830d                digitD2_value
                0x1fff8310                intentos
                0x1fff8314                digitD3_value
                0x1fff8315                digitD4_value
                0x1fff8318                flood2
                0x1fff84a8                cell
                0x1fff84ac                cells
                0x1fff863c                state
                0x1fff8640                orient
                0x1fff8644                QueueIndex
                0x1fff8648                MainQueue
 .bss           0x1fff87d8        0x2 .\CortexM3\ARM_GCC_541\Debug\Design01.a(UART_1.o)
                0x1fff87d8                UART_1_initVar
 .bss           0x1fff87da        0x1 .\CortexM3\ARM_GCC_541\Debug\Design01.a(Opamp_1.o)
                0x1fff87da                Opamp_1_initVar
 .bss           0x1fff87db        0x1 .\CortexM3\ARM_GCC_541\Debug\Design01.a(Opamp_2.o)
                0x1fff87db                Opamp_2_initVar
 .bss           0x1fff87dc        0x1 .\CortexM3\ARM_GCC_541\Debug\Design01.a(Opamp_3.o)
                0x1fff87dc                Opamp_3_initVar
 .bss           0x1fff87dd        0x1 .\CortexM3\ARM_GCC_541\Debug\Design01.a(Timer_1.o)
                0x1fff87dd                Timer_1_initVar
 *(COMMON)
 *fill*         0x1fff87de        0x2 
 COMMON         0x1fff87e0        0xc .\CortexM3\ARM_GCC_541\Debug\main.o
                0x1fff87e0                L
                0x1fff87e4                shorta
                0x1fff87e5                FinalOrder
                0x1fff87e8                F
                0x1fff87f0                . = ALIGN (0x8)
 *fill*         0x1fff87ec        0x4 
 *(.ram.b)
                0x1fff87f0                _end = .
                0x1fff87f0                __end = .
                0x1fff87f0                PROVIDE (end, .)
                0x1fff87f0                PROVIDE (__bss_end__, .)
                0x00000f00                __cy_region_init_ram = LOADADDR (.data)
                0x00000210                __cy_region_init_size_ram = (_edata - ADDR (.data))
                0x00000518                __cy_region_zero_size_ram = (_end - _edata)

.heap           0x1fff87f0       0x80 load address 0x00001110
                0x1fff87f0                . = _end
                0x1fff8870                . = (. + 0x80)
 *fill*         0x1fff87f0       0x80 
                0x1fff8870                __cy_heap_limit = .

.stack          0x20007800      0x800
                0x20007800                __cy_stack_limit = .
                0x20008000                . = (. + 0x800)
 *fill*         0x20007800      0x800 
                0x00000001                ASSERT ((__cy_stack_limit >= __cy_heap_limit), region RAM overflowed with stack)
                0x00000000                cy_checksum_exclude_size = (CY_APPL_LOADABLE == 0x1)?SIZEOF (.cy_checksum_exclude):0x0
                0x00000001                ASSERT ((cy_checksum_exclude_size <= CY_CHECKSUM_EXCLUDE_SIZE), CY_BOOT: Section .cy_checksum_exclude size exceedes specified limit.)

.cyloadermeta
 *(.cyloadermeta)

.cyloadablemeta
 *(.cyloadablemeta)

.cyconfigecc    0x80000000      0x588
 *(.cyconfigecc)
 .cyconfigecc   0x80000000      0x588 .\CortexM3\ARM_GCC_541\Debug\cymetadata.o
                0x80000000                cy_meta_configecc

.cycustnvl      0x90000000        0x4
 *(.cycustnvl)
 .cycustnvl     0x90000000        0x4 .\CortexM3\ARM_GCC_541\Debug\cymetadata.o
                0x90000000                cy_meta_custnvl

.cywolatch      0x90100000        0x4
 *(.cywolatch)
 .cywolatch     0x90100000        0x4 .\CortexM3\ARM_GCC_541\Debug\cymetadata.o
                0x90100000                cy_meta_wonvl

.cyeeprom       0x90200000        0x0
 *(.cyeeprom)
                0x00000001                ASSERT ((. <= ((0x90200000 + ee_offset) + ee_size)), .cyeeprom data will not fit in EEPROM)

.cyflashprotect
                0x90400000      0x100
 *(.cyflashprotect)
 .cyflashprotect
                0x90400000      0x100 .\CortexM3\ARM_GCC_541\Debug\cymetadata.o
                0x90400000                cy_meta_flashprotect

.cymeta         0x90500000        0xc
 *(.cymeta)
 .cymeta        0x90500000        0xc .\CortexM3\ARM_GCC_541\Debug\cymetadata.o
                0x90500000                cy_metadata

.rel.dyn        0x00001110        0x0 load address 0x9050000c
 .rel.iplt      0x00001110        0x0 c:/program files (x86)/cypress/psoc creator/4.4/psoc creator/import/gnu/arm/5.4.1/bin/../lib/gcc/arm-none-eabi/5.4.1/armv7-m/crtbegin.o

.stab
 *(.stab)

.stabstr
 *(.stabstr)

.debug
 *(.debug)

.line
 *(.line)

.debug_srcinfo
 *(.debug_srcinfo)

.debug_sfnames
 *(.debug_sfnames)

.debug_aranges  0x00000000      0xe08
 *(.debug_aranges)
 .debug_aranges
                0x00000000       0xe0 .\CortexM3\ARM_GCC_541\Debug\main.o
 .debug_aranges
                0x000000e0       0x58 .\CortexM3\ARM_GCC_541\Debug\cyfitter_cfg.o
 .debug_aranges
                0x00000138       0x18 .\CortexM3\ARM_GCC_541\Debug\cymetadata.o
 .debug_aranges
                0x00000150       0x48 .\CortexM3\ARM_GCC_541\Debug\Cm3Start.o
 .debug_aranges
                0x00000198       0xf0 .\CortexM3\ARM_GCC_541\Debug\Design01.a(UART_1.o)
 .debug_aranges
                0x00000288       0x40 .\CortexM3\ARM_GCC_541\Debug\Design01.a(Opamp_1.o)
 .debug_aranges
                0x000002c8       0x40 .\CortexM3\ARM_GCC_541\Debug\Design01.a(Opamp_2.o)
 .debug_aranges
                0x00000308       0x38 .\CortexM3\ARM_GCC_541\Debug\Design01.a(DIGITOS.o)
 .debug_aranges
                0x00000340       0x70 .\CortexM3\ARM_GCC_541\Debug\Design01.a(UART_1_IntClock.o)
 .debug_aranges
                0x000003b0      0x2a0 .\CortexM3\ARM_GCC_541\Debug\Design01.a(CyLib.o)
 .debug_aranges
                0x00000650       0x98 .\CortexM3\ARM_GCC_541\Debug\Design01.a(cyPm.o)
 .debug_aranges
                0x000006e8       0x40 .\CortexM3\ARM_GCC_541\Debug\Design01.a(Opamp_3.o)
 .debug_aranges
                0x00000728       0x80 .\CortexM3\ARM_GCC_541\Debug\Design01.a(isr_tx.o)
 .debug_aranges
                0x000007a8       0x80 .\CortexM3\ARM_GCC_541\Debug\Design01.a(isr_rx.o)
 .debug_aranges
                0x00000828       0x80 .\CortexM3\ARM_GCC_541\Debug\Design01.a(isr_b1.o)
 .debug_aranges
                0x000008a8       0x80 .\CortexM3\ARM_GCC_541\Debug\Design01.a(isr_b2.o)
 .debug_aranges
                0x00000928       0x80 .\CortexM3\ARM_GCC_541\Debug\Design01.a(isr_b3.o)
 .debug_aranges
                0x000009a8       0x80 .\CortexM3\ARM_GCC_541\Debug\Design01.a(isr_clkDigits.o)
 .debug_aranges
                0x00000a28       0x88 .\CortexM3\ARM_GCC_541\Debug\Design01.a(Timer_1.o)
 .debug_aranges
                0x00000ab0       0x38 .\CortexM3\ARM_GCC_541\Debug\Design01.a(SS_A.o)
 .debug_aranges
                0x00000ae8       0x38 .\CortexM3\ARM_GCC_541\Debug\Design01.a(SS_B.o)
 .debug_aranges
                0x00000b20       0x38 .\CortexM3\ARM_GCC_541\Debug\Design01.a(SS_C.o)
 .debug_aranges
                0x00000b58       0x38 .\CortexM3\ARM_GCC_541\Debug\Design01.a(SS_D.o)
 .debug_aranges
                0x00000b90       0x38 .\CortexM3\ARM_GCC_541\Debug\Design01.a(SS_E.o)
 .debug_aranges
                0x00000bc8       0x38 .\CortexM3\ARM_GCC_541\Debug\Design01.a(SS_F.o)
 .debug_aranges
                0x00000c00       0x38 .\CortexM3\ARM_GCC_541\Debug\Design01.a(SS_G.o)
 .debug_aranges
                0x00000c38       0x38 .\CortexM3\ARM_GCC_541\Debug\Design01.a(SS_P.o)
 .debug_aranges
                0x00000c70       0x38 .\CortexM3\ARM_GCC_541\Debug\Design01.a(LED_MSB.o)
 .debug_aranges
                0x00000ca8       0x38 .\CortexM3\ARM_GCC_541\Debug\Design01.a(LED_LSB.o)
 .debug_aranges
                0x00000ce0       0x20 .\CortexM3\ARM_GCC_541\Debug\Design01.a(CyBootAsmGnu.o)
 .debug_aranges
                0x00000d00       0x88 .\CortexM3\ARM_GCC_541\Debug\Design01.a(CyFlash.o)
 .debug_aranges
                0x00000d88       0x80 .\CortexM3\ARM_GCC_541\Debug\Design01.a(CySpc.o)

.debug_pubnames
 *(.debug_pubnames)

.debug_info     0x00000000     0x77ce
 *(.debug_info .gnu.linkonce.wi.*)
 .debug_info    0x00000000     0x17bc .\CortexM3\ARM_GCC_541\Debug\main.o
 .debug_info    0x000017bc      0x513 .\CortexM3\ARM_GCC_541\Debug\cyfitter_cfg.o
 .debug_info    0x00001ccf      0x136 .\CortexM3\ARM_GCC_541\Debug\cymetadata.o
 .debug_info    0x00001e05      0x3bb .\CortexM3\ARM_GCC_541\Debug\Cm3Start.o
 .debug_info    0x000021c0      0x60c .\CortexM3\ARM_GCC_541\Debug\Design01.a(UART_1.o)
 .debug_info    0x000027cc      0x151 .\CortexM3\ARM_GCC_541\Debug\Design01.a(Opamp_1.o)
 .debug_info    0x0000291d      0x151 .\CortexM3\ARM_GCC_541\Debug\Design01.a(Opamp_2.o)
 .debug_info    0x00002a6e      0x11f .\CortexM3\ARM_GCC_541\Debug\Design01.a(DIGITOS.o)
 .debug_info    0x00002b8d      0x283 .\CortexM3\ARM_GCC_541\Debug\Design01.a(UART_1_IntClock.o)
 .debug_info    0x00002e10     0x1374 .\CortexM3\ARM_GCC_541\Debug\Design01.a(CyLib.o)
 .debug_info    0x00004184      0xa2a .\CortexM3\ARM_GCC_541\Debug\Design01.a(cyPm.o)
 .debug_info    0x00004bae      0x151 .\CortexM3\ARM_GCC_541\Debug\Design01.a(Opamp_3.o)
 .debug_info    0x00004cff      0x2d2 .\CortexM3\ARM_GCC_541\Debug\Design01.a(isr_tx.o)
 .debug_info    0x00004fd1      0x2d2 .\CortexM3\ARM_GCC_541\Debug\Design01.a(isr_rx.o)
 .debug_info    0x000052a3      0x2d2 .\CortexM3\ARM_GCC_541\Debug\Design01.a(isr_b1.o)
 .debug_info    0x00005575      0x2d2 .\CortexM3\ARM_GCC_541\Debug\Design01.a(isr_b2.o)
 .debug_info    0x00005847      0x2d2 .\CortexM3\ARM_GCC_541\Debug\Design01.a(isr_b3.o)
 .debug_info    0x00005b19      0x2d2 .\CortexM3\ARM_GCC_541\Debug\Design01.a(isr_clkDigits.o)
 .debug_info    0x00005deb      0x291 .\CortexM3\ARM_GCC_541\Debug\Design01.a(Timer_1.o)
 .debug_info    0x0000607c      0x11f .\CortexM3\ARM_GCC_541\Debug\Design01.a(SS_A.o)
 .debug_info    0x0000619b      0x11f .\CortexM3\ARM_GCC_541\Debug\Design01.a(SS_B.o)
 .debug_info    0x000062ba      0x11f .\CortexM3\ARM_GCC_541\Debug\Design01.a(SS_C.o)
 .debug_info    0x000063d9      0x11f .\CortexM3\ARM_GCC_541\Debug\Design01.a(SS_D.o)
 .debug_info    0x000064f8      0x11f .\CortexM3\ARM_GCC_541\Debug\Design01.a(SS_E.o)
 .debug_info    0x00006617      0x11f .\CortexM3\ARM_GCC_541\Debug\Design01.a(SS_F.o)
 .debug_info    0x00006736      0x11f .\CortexM3\ARM_GCC_541\Debug\Design01.a(SS_G.o)
 .debug_info    0x00006855      0x11f .\CortexM3\ARM_GCC_541\Debug\Design01.a(SS_P.o)
 .debug_info    0x00006974      0x11f .\CortexM3\ARM_GCC_541\Debug\Design01.a(LED_MSB.o)
 .debug_info    0x00006a93      0x11f .\CortexM3\ARM_GCC_541\Debug\Design01.a(LED_LSB.o)
 .debug_info    0x00006bb2       0x7f .\CortexM3\ARM_GCC_541\Debug\Design01.a(CyBootAsmGnu.o)
 .debug_info    0x00006c31      0x64d .\CortexM3\ARM_GCC_541\Debug\Design01.a(CyFlash.o)
 .debug_info    0x0000727e      0x550 .\CortexM3\ARM_GCC_541\Debug\Design01.a(CySpc.o)

.debug_abbrev   0x00000000     0x234b
 *(.debug_abbrev)
 .debug_abbrev  0x00000000      0x2e0 .\CortexM3\ARM_GCC_541\Debug\main.o
 .debug_abbrev  0x000002e0      0x1fe .\CortexM3\ARM_GCC_541\Debug\cyfitter_cfg.o
 .debug_abbrev  0x000004de       0x77 .\CortexM3\ARM_GCC_541\Debug\cymetadata.o
 .debug_abbrev  0x00000555      0x1e8 .\CortexM3\ARM_GCC_541\Debug\Cm3Start.o
 .debug_abbrev  0x0000073d      0x175 .\CortexM3\ARM_GCC_541\Debug\Design01.a(UART_1.o)
 .debug_abbrev  0x000008b2       0xb2 .\CortexM3\ARM_GCC_541\Debug\Design01.a(Opamp_1.o)
 .debug_abbrev  0x00000964       0xb2 .\CortexM3\ARM_GCC_541\Debug\Design01.a(Opamp_2.o)
 .debug_abbrev  0x00000a16       0x90 .\CortexM3\ARM_GCC_541\Debug\Design01.a(DIGITOS.o)
 .debug_abbrev  0x00000aa6      0x139 .\CortexM3\ARM_GCC_541\Debug\Design01.a(UART_1_IntClock.o)
 .debug_abbrev  0x00000bdf      0x254 .\CortexM3\ARM_GCC_541\Debug\Design01.a(CyLib.o)
 .debug_abbrev  0x00000e33      0x1ab .\CortexM3\ARM_GCC_541\Debug\Design01.a(cyPm.o)
 .debug_abbrev  0x00000fde       0xb2 .\CortexM3\ARM_GCC_541\Debug\Design01.a(Opamp_3.o)
 .debug_abbrev  0x00001090      0x173 .\CortexM3\ARM_GCC_541\Debug\Design01.a(isr_tx.o)
 .debug_abbrev  0x00001203      0x173 .\CortexM3\ARM_GCC_541\Debug\Design01.a(isr_rx.o)
 .debug_abbrev  0x00001376      0x173 .\CortexM3\ARM_GCC_541\Debug\Design01.a(isr_b1.o)
 .debug_abbrev  0x000014e9      0x173 .\CortexM3\ARM_GCC_541\Debug\Design01.a(isr_b2.o)
 .debug_abbrev  0x0000165c      0x173 .\CortexM3\ARM_GCC_541\Debug\Design01.a(isr_b3.o)
 .debug_abbrev  0x000017cf      0x173 .\CortexM3\ARM_GCC_541\Debug\Design01.a(isr_clkDigits.o)
 .debug_abbrev  0x00001942      0x11a .\CortexM3\ARM_GCC_541\Debug\Design01.a(Timer_1.o)
 .debug_abbrev  0x00001a5c       0x90 .\CortexM3\ARM_GCC_541\Debug\Design01.a(SS_A.o)
 .debug_abbrev  0x00001aec       0x90 .\CortexM3\ARM_GCC_541\Debug\Design01.a(SS_B.o)
 .debug_abbrev  0x00001b7c       0x90 .\CortexM3\ARM_GCC_541\Debug\Design01.a(SS_C.o)
 .debug_abbrev  0x00001c0c       0x90 .\CortexM3\ARM_GCC_541\Debug\Design01.a(SS_D.o)
 .debug_abbrev  0x00001c9c       0x90 .\CortexM3\ARM_GCC_541\Debug\Design01.a(SS_E.o)
 .debug_abbrev  0x00001d2c       0x90 .\CortexM3\ARM_GCC_541\Debug\Design01.a(SS_F.o)
 .debug_abbrev  0x00001dbc       0x90 .\CortexM3\ARM_GCC_541\Debug\Design01.a(SS_G.o)
 .debug_abbrev  0x00001e4c       0x90 .\CortexM3\ARM_GCC_541\Debug\Design01.a(SS_P.o)
 .debug_abbrev  0x00001edc       0x90 .\CortexM3\ARM_GCC_541\Debug\Design01.a(LED_MSB.o)
 .debug_abbrev  0x00001f6c       0x90 .\CortexM3\ARM_GCC_541\Debug\Design01.a(LED_LSB.o)
 .debug_abbrev  0x00001ffc       0x14 .\CortexM3\ARM_GCC_541\Debug\Design01.a(CyBootAsmGnu.o)
 .debug_abbrev  0x00002010      0x1a7 .\CortexM3\ARM_GCC_541\Debug\Design01.a(CyFlash.o)
 .debug_abbrev  0x000021b7      0x194 .\CortexM3\ARM_GCC_541\Debug\Design01.a(CySpc.o)

.debug_line     0x00000000     0x342c
 *(.debug_line)
 .debug_line    0x00000000      0x96a .\CortexM3\ARM_GCC_541\Debug\main.o
 .debug_line    0x0000096a      0x1df .\CortexM3\ARM_GCC_541\Debug\cyfitter_cfg.o
 .debug_line    0x00000b49      0x141 .\CortexM3\ARM_GCC_541\Debug\cymetadata.o
 .debug_line    0x00000c8a      0x234 .\CortexM3\ARM_GCC_541\Debug\Cm3Start.o
 .debug_line    0x00000ebe      0x2c0 .\CortexM3\ARM_GCC_541\Debug\Design01.a(UART_1.o)
 .debug_line    0x0000117e       0xaa .\CortexM3\ARM_GCC_541\Debug\Design01.a(Opamp_1.o)
 .debug_line    0x00001228       0xaa .\CortexM3\ARM_GCC_541\Debug\Design01.a(Opamp_2.o)
 .debug_line    0x000012d2       0x97 .\CortexM3\ARM_GCC_541\Debug\Design01.a(DIGITOS.o)
 .debug_line    0x00001369      0x17e .\CortexM3\ARM_GCC_541\Debug\Design01.a(UART_1_IntClock.o)
 .debug_line    0x000014e7      0x816 .\CortexM3\ARM_GCC_541\Debug\Design01.a(CyLib.o)
 .debug_line    0x00001cfd      0x367 .\CortexM3\ARM_GCC_541\Debug\Design01.a(cyPm.o)
 .debug_line    0x00002064       0xaa .\CortexM3\ARM_GCC_541\Debug\Design01.a(Opamp_3.o)
 .debug_line    0x0000210e      0x133 .\CortexM3\ARM_GCC_541\Debug\Design01.a(isr_tx.o)
 .debug_line    0x00002241      0x133 .\CortexM3\ARM_GCC_541\Debug\Design01.a(isr_rx.o)
 .debug_line    0x00002374      0x133 .\CortexM3\ARM_GCC_541\Debug\Design01.a(isr_b1.o)
 .debug_line    0x000024a7      0x133 .\CortexM3\ARM_GCC_541\Debug\Design01.a(isr_b2.o)
 .debug_line    0x000025da      0x133 .\CortexM3\ARM_GCC_541\Debug\Design01.a(isr_b3.o)
 .debug_line    0x0000270d      0x13a .\CortexM3\ARM_GCC_541\Debug\Design01.a(isr_clkDigits.o)
 .debug_line    0x00002847      0x155 .\CortexM3\ARM_GCC_541\Debug\Design01.a(Timer_1.o)
 .debug_line    0x0000299c       0x91 .\CortexM3\ARM_GCC_541\Debug\Design01.a(SS_A.o)
 .debug_line    0x00002a2d       0x91 .\CortexM3\ARM_GCC_541\Debug\Design01.a(SS_B.o)
 .debug_line    0x00002abe       0x91 .\CortexM3\ARM_GCC_541\Debug\Design01.a(SS_C.o)
 .debug_line    0x00002b4f       0x91 .\CortexM3\ARM_GCC_541\Debug\Design01.a(SS_D.o)
 .debug_line    0x00002be0       0x91 .\CortexM3\ARM_GCC_541\Debug\Design01.a(SS_E.o)
 .debug_line    0x00002c71       0x91 .\CortexM3\ARM_GCC_541\Debug\Design01.a(SS_F.o)
 .debug_line    0x00002d02       0x91 .\CortexM3\ARM_GCC_541\Debug\Design01.a(SS_G.o)
 .debug_line    0x00002d93       0x91 .\CortexM3\ARM_GCC_541\Debug\Design01.a(SS_P.o)
 .debug_line    0x00002e24       0x94 .\CortexM3\ARM_GCC_541\Debug\Design01.a(LED_MSB.o)
 .debug_line    0x00002eb8       0x94 .\CortexM3\ARM_GCC_541\Debug\Design01.a(LED_LSB.o)
 .debug_line    0x00002f4c       0x66 .\CortexM3\ARM_GCC_541\Debug\Design01.a(CyBootAsmGnu.o)
 .debug_line    0x00002fb2      0x21a .\CortexM3\ARM_GCC_541\Debug\Design01.a(CyFlash.o)
 .debug_line    0x000031cc      0x260 .\CortexM3\ARM_GCC_541\Debug\Design01.a(CySpc.o)

.debug_frame    0x00000000     0x2120
 *(.debug_frame)
 .debug_frame   0x00000000      0x35c .\CortexM3\ARM_GCC_541\Debug\main.o
 .debug_frame   0x0000035c       0xe4 .\CortexM3\ARM_GCC_541\Debug\cyfitter_cfg.o
 .debug_frame   0x00000440       0xb8 .\CortexM3\ARM_GCC_541\Debug\Cm3Start.o
 .debug_frame   0x000004f8      0x250 .\CortexM3\ARM_GCC_541\Debug\Design01.a(UART_1.o)
 .debug_frame   0x00000748       0x78 .\CortexM3\ARM_GCC_541\Debug\Design01.a(Opamp_1.o)
 .debug_frame   0x000007c0       0x78 .\CortexM3\ARM_GCC_541\Debug\Design01.a(Opamp_2.o)
 .debug_frame   0x00000838       0x50 .\CortexM3\ARM_GCC_541\Debug\Design01.a(DIGITOS.o)
 .debug_frame   0x00000888       0xe0 .\CortexM3\ARM_GCC_541\Debug\Design01.a(UART_1_IntClock.o)
 .debug_frame   0x00000968      0x738 .\CortexM3\ARM_GCC_541\Debug\Design01.a(CyLib.o)
 .debug_frame   0x000010a0      0x1f8 .\CortexM3\ARM_GCC_541\Debug\Design01.a(cyPm.o)
 .debug_frame   0x00001298       0x78 .\CortexM3\ARM_GCC_541\Debug\Design01.a(Opamp_3.o)
 .debug_frame   0x00001310      0x104 .\CortexM3\ARM_GCC_541\Debug\Design01.a(isr_tx.o)
 .debug_frame   0x00001414      0x104 .\CortexM3\ARM_GCC_541\Debug\Design01.a(isr_rx.o)
 .debug_frame   0x00001518      0x104 .\CortexM3\ARM_GCC_541\Debug\Design01.a(isr_b1.o)
 .debug_frame   0x0000161c      0x104 .\CortexM3\ARM_GCC_541\Debug\Design01.a(isr_b2.o)
 .debug_frame   0x00001720      0x104 .\CortexM3\ARM_GCC_541\Debug\Design01.a(isr_b3.o)
 .debug_frame   0x00001824      0x104 .\CortexM3\ARM_GCC_541\Debug\Design01.a(isr_clkDigits.o)
 .debug_frame   0x00001928      0x108 .\CortexM3\ARM_GCC_541\Debug\Design01.a(Timer_1.o)
 .debug_frame   0x00001a30       0x50 .\CortexM3\ARM_GCC_541\Debug\Design01.a(SS_A.o)
 .debug_frame   0x00001a80       0x50 .\CortexM3\ARM_GCC_541\Debug\Design01.a(SS_B.o)
 .debug_frame   0x00001ad0       0x50 .\CortexM3\ARM_GCC_541\Debug\Design01.a(SS_C.o)
 .debug_frame   0x00001b20       0x50 .\CortexM3\ARM_GCC_541\Debug\Design01.a(SS_D.o)
 .debug_frame   0x00001b70       0x50 .\CortexM3\ARM_GCC_541\Debug\Design01.a(SS_E.o)
 .debug_frame   0x00001bc0       0x50 .\CortexM3\ARM_GCC_541\Debug\Design01.a(SS_F.o)
 .debug_frame   0x00001c10       0x50 .\CortexM3\ARM_GCC_541\Debug\Design01.a(SS_G.o)
 .debug_frame   0x00001c60       0x50 .\CortexM3\ARM_GCC_541\Debug\Design01.a(SS_P.o)
 .debug_frame   0x00001cb0       0x50 .\CortexM3\ARM_GCC_541\Debug\Design01.a(LED_MSB.o)
 .debug_frame   0x00001d00       0x50 .\CortexM3\ARM_GCC_541\Debug\Design01.a(LED_LSB.o)
 .debug_frame   0x00001d50      0x194 .\CortexM3\ARM_GCC_541\Debug\Design01.a(CyFlash.o)
 .debug_frame   0x00001ee4      0x180 .\CortexM3\ARM_GCC_541\Debug\Design01.a(CySpc.o)
 .debug_frame   0x00002064       0x20 c:/program files (x86)/cypress/psoc creator/4.4/psoc creator/import/gnu/arm/5.4.1/bin/../lib/gcc/arm-none-eabi/5.4.1/../../../../arm-none-eabi/lib/armv7-m\libg_nano.a(lib_a-errno.o)
 .debug_frame   0x00002084       0x28 c:/program files (x86)/cypress/psoc creator/4.4/psoc creator/import/gnu/arm/5.4.1/bin/../lib/gcc/arm-none-eabi/5.4.1/../../../../arm-none-eabi/lib/armv7-m\libg_nano.a(lib_a-exit.o)
 .debug_frame   0x000020ac       0x2c c:/program files (x86)/cypress/psoc creator/4.4/psoc creator/import/gnu/arm/5.4.1/bin/../lib/gcc/arm-none-eabi/5.4.1/../../../../arm-none-eabi/lib/armv7-m\libg_nano.a(lib_a-init.o)
 .debug_frame   0x000020d8       0x28 c:/program files (x86)/cypress/psoc creator/4.4/psoc creator/import/gnu/arm/5.4.1/bin/../lib/gcc/arm-none-eabi/5.4.1/../../../../arm-none-eabi/lib/armv7-m\libg_nano.a(lib_a-memcpy-stub.o)
 .debug_frame   0x00002100       0x20 c:/program files (x86)/cypress/psoc creator/4.4/psoc creator/import/gnu/arm/5.4.1/bin/../lib/gcc/arm-none-eabi/5.4.1/../../../../arm-none-eabi/lib/armv7-m\libg_nano.a(lib_a-memset.o)

.debug_str      0x00000000     0x2691
 *(.debug_str)
 .debug_str     0x00000000      0x56a .\CortexM3\ARM_GCC_541\Debug\main.o
                                0x5cd (size before relaxing)
 .debug_str     0x0000056a      0x17b .\CortexM3\ARM_GCC_541\Debug\cyfitter_cfg.o
                                0x2fe (size before relaxing)
 .debug_str     0x000006e5       0x7f .\CortexM3\ARM_GCC_541\Debug\cymetadata.o
                                0x1d3 (size before relaxing)
 .debug_str     0x00000764      0x144 .\CortexM3\ARM_GCC_541\Debug\Cm3Start.o
                                0x2f9 (size before relaxing)
 .debug_str     0x000008a8      0x2c0 .\CortexM3\ARM_GCC_541\Debug\Design01.a(UART_1.o)
                                0x4a2 (size before relaxing)
 .debug_str     0x00000b68       0x71 .\CortexM3\ARM_GCC_541\Debug\Design01.a(Opamp_1.o)
                                0x1f4 (size before relaxing)
 .debug_str     0x00000bd9       0x6b .\CortexM3\ARM_GCC_541\Debug\Design01.a(Opamp_2.o)
                                0x1f4 (size before relaxing)
 .debug_str     0x00000c44       0x62 .\CortexM3\ARM_GCC_541\Debug\Design01.a(DIGITOS.o)
                                0x1db (size before relaxing)
 .debug_str     0x00000ca6      0x197 .\CortexM3\ARM_GCC_541\Debug\Design01.a(UART_1_IntClock.o)
                                0x33d (size before relaxing)
 .debug_str     0x00000e3d      0x80d .\CortexM3\ARM_GCC_541\Debug\Design01.a(CyLib.o)
                                0xa36 (size before relaxing)
 .debug_str     0x0000164a      0x365 .\CortexM3\ARM_GCC_541\Debug\Design01.a(cyPm.o)
                                0x722 (size before relaxing)
 .debug_str     0x000019af       0x6b .\CortexM3\ARM_GCC_541\Debug\Design01.a(Opamp_3.o)
                                0x1f4 (size before relaxing)
 .debug_str     0x00001a1a       0xe5 .\CortexM3\ARM_GCC_541\Debug\Design01.a(isr_tx.o)
                                0x2a3 (size before relaxing)
 .debug_str     0x00001aff       0xe5 .\CortexM3\ARM_GCC_541\Debug\Design01.a(isr_rx.o)
                                0x2a3 (size before relaxing)
 .debug_str     0x00001be4       0xe5 .\CortexM3\ARM_GCC_541\Debug\Design01.a(isr_b1.o)
                                0x2a3 (size before relaxing)
 .debug_str     0x00001cc9       0xe5 .\CortexM3\ARM_GCC_541\Debug\Design01.a(isr_b2.o)
                                0x2a3 (size before relaxing)
 .debug_str     0x00001dae       0xe5 .\CortexM3\ARM_GCC_541\Debug\Design01.a(isr_b3.o)
                                0x2a3 (size before relaxing)
 .debug_str     0x00001e93      0x140 .\CortexM3\ARM_GCC_541\Debug\Design01.a(isr_clkDigits.o)
                                0x305 (size before relaxing)
 .debug_str     0x00001fd3      0x151 .\CortexM3\ARM_GCC_541\Debug\Design01.a(Timer_1.o)
                                0x304 (size before relaxing)
 .debug_str     0x00002124       0x4b .\CortexM3\ARM_GCC_541\Debug\Design01.a(SS_A.o)
                                0x1cc (size before relaxing)
 .debug_str     0x0000216f       0x4b .\CortexM3\ARM_GCC_541\Debug\Design01.a(SS_B.o)
                                0x1cc (size before relaxing)
 .debug_str     0x000021ba       0x4b .\CortexM3\ARM_GCC_541\Debug\Design01.a(SS_C.o)
                                0x1cc (size before relaxing)
 .debug_str     0x00002205       0x4b .\CortexM3\ARM_GCC_541\Debug\Design01.a(SS_D.o)
                                0x1cc (size before relaxing)
 .debug_str     0x00002250       0x4b .\CortexM3\ARM_GCC_541\Debug\Design01.a(SS_E.o)
                                0x1cc (size before relaxing)
 .debug_str     0x0000229b       0x4b .\CortexM3\ARM_GCC_541\Debug\Design01.a(SS_F.o)
                                0x1cc (size before relaxing)
 .debug_str     0x000022e6       0x4b .\CortexM3\ARM_GCC_541\Debug\Design01.a(SS_G.o)
                                0x1cc (size before relaxing)
 .debug_str     0x00002331       0x4b .\CortexM3\ARM_GCC_541\Debug\Design01.a(SS_P.o)
                                0x1cc (size before relaxing)
 .debug_str     0x0000237c       0x57 .\CortexM3\ARM_GCC_541\Debug\Design01.a(LED_MSB.o)
                                0x1db (size before relaxing)
 .debug_str     0x000023d3       0x57 .\CortexM3\ARM_GCC_541\Debug\Design01.a(LED_LSB.o)
                                0x1db (size before relaxing)
 .debug_str     0x0000242a      0x1bb .\CortexM3\ARM_GCC_541\Debug\Design01.a(CyFlash.o)
                                0x3af (size before relaxing)
 .debug_str     0x000025e5       0xac .\CortexM3\ARM_GCC_541\Debug\Design01.a(CySpc.o)
                                0x327 (size before relaxing)

.debug_loc      0x00000000     0x3fef
 *(.debug_loc)
 .debug_loc     0x00000000     0x1d67 .\CortexM3\ARM_GCC_541\Debug\main.o
 .debug_loc     0x00001d67      0x1d7 .\CortexM3\ARM_GCC_541\Debug\cyfitter_cfg.o
 .debug_loc     0x00001f3e      0x144 .\CortexM3\ARM_GCC_541\Debug\Cm3Start.o
 .debug_loc     0x00002082      0x258 .\CortexM3\ARM_GCC_541\Debug\Design01.a(UART_1.o)
 .debug_loc     0x000022da       0x21 .\CortexM3\ARM_GCC_541\Debug\Design01.a(Opamp_1.o)
 .debug_loc     0x000022fb       0x21 .\CortexM3\ARM_GCC_541\Debug\Design01.a(Opamp_2.o)
 .debug_loc     0x0000231c       0x42 .\CortexM3\ARM_GCC_541\Debug\Design01.a(DIGITOS.o)
 .debug_loc     0x0000235e      0x12c .\CortexM3\ARM_GCC_541\Debug\Design01.a(UART_1_IntClock.o)
 .debug_loc     0x0000248a      0xa11 .\CortexM3\ARM_GCC_541\Debug\Design01.a(CyLib.o)
 .debug_loc     0x00002e9b      0x1e4 .\CortexM3\ARM_GCC_541\Debug\Design01.a(cyPm.o)
 .debug_loc     0x0000307f       0x21 .\CortexM3\ARM_GCC_541\Debug\Design01.a(Opamp_3.o)
 .debug_loc     0x000030a0       0x56 .\CortexM3\ARM_GCC_541\Debug\Design01.a(isr_tx.o)
 .debug_loc     0x000030f6       0x56 .\CortexM3\ARM_GCC_541\Debug\Design01.a(isr_rx.o)
 .debug_loc     0x0000314c       0x56 .\CortexM3\ARM_GCC_541\Debug\Design01.a(isr_b1.o)
 .debug_loc     0x000031a2       0x56 .\CortexM3\ARM_GCC_541\Debug\Design01.a(isr_b2.o)
 .debug_loc     0x000031f8       0x56 .\CortexM3\ARM_GCC_541\Debug\Design01.a(isr_b3.o)
 .debug_loc     0x0000324e       0x56 .\CortexM3\ARM_GCC_541\Debug\Design01.a(isr_clkDigits.o)
 .debug_loc     0x000032a4       0x42 .\CortexM3\ARM_GCC_541\Debug\Design01.a(SS_A.o)
 .debug_loc     0x000032e6       0x42 .\CortexM3\ARM_GCC_541\Debug\Design01.a(SS_B.o)
 .debug_loc     0x00003328       0x42 .\CortexM3\ARM_GCC_541\Debug\Design01.a(SS_C.o)
 .debug_loc     0x0000336a       0x42 .\CortexM3\ARM_GCC_541\Debug\Design01.a(SS_D.o)
 .debug_loc     0x000033ac       0x42 .\CortexM3\ARM_GCC_541\Debug\Design01.a(SS_E.o)
 .debug_loc     0x000033ee       0x42 .\CortexM3\ARM_GCC_541\Debug\Design01.a(SS_F.o)
 .debug_loc     0x00003430       0x42 .\CortexM3\ARM_GCC_541\Debug\Design01.a(SS_G.o)
 .debug_loc     0x00003472       0x42 .\CortexM3\ARM_GCC_541\Debug\Design01.a(SS_P.o)
 .debug_loc     0x000034b4       0x42 .\CortexM3\ARM_GCC_541\Debug\Design01.a(LED_MSB.o)
 .debug_loc     0x000034f6       0x42 .\CortexM3\ARM_GCC_541\Debug\Design01.a(LED_LSB.o)
 .debug_loc     0x00003538      0x3b2 .\CortexM3\ARM_GCC_541\Debug\Design01.a(CyFlash.o)
 .debug_loc     0x000038ea      0x705 .\CortexM3\ARM_GCC_541\Debug\Design01.a(CySpc.o)

.debug_macinfo
 *(.debug_macinfo)

.debug_ranges   0x00000000      0xc50
 *(.debug_ranges)
 .debug_ranges  0x00000000      0x130 .\CortexM3\ARM_GCC_541\Debug\main.o
 .debug_ranges  0x00000130       0x48 .\CortexM3\ARM_GCC_541\Debug\cyfitter_cfg.o
 .debug_ranges  0x00000178       0x38 .\CortexM3\ARM_GCC_541\Debug\Cm3Start.o
 .debug_ranges  0x000001b0       0xe0 .\CortexM3\ARM_GCC_541\Debug\Design01.a(UART_1.o)
 .debug_ranges  0x00000290       0x30 .\CortexM3\ARM_GCC_541\Debug\Design01.a(Opamp_1.o)
 .debug_ranges  0x000002c0       0x30 .\CortexM3\ARM_GCC_541\Debug\Design01.a(Opamp_2.o)
 .debug_ranges  0x000002f0       0x28 .\CortexM3\ARM_GCC_541\Debug\Design01.a(DIGITOS.o)
 .debug_ranges  0x00000318       0x60 .\CortexM3\ARM_GCC_541\Debug\Design01.a(UART_1_IntClock.o)
 .debug_ranges  0x00000378      0x290 .\CortexM3\ARM_GCC_541\Debug\Design01.a(CyLib.o)
 .debug_ranges  0x00000608       0x88 .\CortexM3\ARM_GCC_541\Debug\Design01.a(cyPm.o)
 .debug_ranges  0x00000690       0x30 .\CortexM3\ARM_GCC_541\Debug\Design01.a(Opamp_3.o)
 .debug_ranges  0x000006c0       0x70 .\CortexM3\ARM_GCC_541\Debug\Design01.a(isr_tx.o)
 .debug_ranges  0x00000730       0x70 .\CortexM3\ARM_GCC_541\Debug\Design01.a(isr_rx.o)
 .debug_ranges  0x000007a0       0x70 .\CortexM3\ARM_GCC_541\Debug\Design01.a(isr_b1.o)
 .debug_ranges  0x00000810       0x70 .\CortexM3\ARM_GCC_541\Debug\Design01.a(isr_b2.o)
 .debug_ranges  0x00000880       0x70 .\CortexM3\ARM_GCC_541\Debug\Design01.a(isr_b3.o)
 .debug_ranges  0x000008f0       0x70 .\CortexM3\ARM_GCC_541\Debug\Design01.a(isr_clkDigits.o)
 .debug_ranges  0x00000960       0x78 .\CortexM3\ARM_GCC_541\Debug\Design01.a(Timer_1.o)
 .debug_ranges  0x000009d8       0x28 .\CortexM3\ARM_GCC_541\Debug\Design01.a(SS_A.o)
 .debug_ranges  0x00000a00       0x28 .\CortexM3\ARM_GCC_541\Debug\Design01.a(SS_B.o)
 .debug_ranges  0x00000a28       0x28 .\CortexM3\ARM_GCC_541\Debug\Design01.a(SS_C.o)
 .debug_ranges  0x00000a50       0x28 .\CortexM3\ARM_GCC_541\Debug\Design01.a(SS_D.o)
 .debug_ranges  0x00000a78       0x28 .\CortexM3\ARM_GCC_541\Debug\Design01.a(SS_E.o)
 .debug_ranges  0x00000aa0       0x28 .\CortexM3\ARM_GCC_541\Debug\Design01.a(SS_F.o)
 .debug_ranges  0x00000ac8       0x28 .\CortexM3\ARM_GCC_541\Debug\Design01.a(SS_G.o)
 .debug_ranges  0x00000af0       0x28 .\CortexM3\ARM_GCC_541\Debug\Design01.a(SS_P.o)
 .debug_ranges  0x00000b18       0x28 .\CortexM3\ARM_GCC_541\Debug\Design01.a(LED_MSB.o)
 .debug_ranges  0x00000b40       0x28 .\CortexM3\ARM_GCC_541\Debug\Design01.a(LED_LSB.o)
 .debug_ranges  0x00000b68       0x78 .\CortexM3\ARM_GCC_541\Debug\Design01.a(CyFlash.o)
 .debug_ranges  0x00000be0       0x70 .\CortexM3\ARM_GCC_541\Debug\Design01.a(CySpc.o)

.comment        0x00000000       0x6e
 .comment       0x00000000       0x6e .\CortexM3\ARM_GCC_541\Debug\main.o
                                 0x6f (size before relaxing)
 .comment       0x0000006e       0x6f .\CortexM3\ARM_GCC_541\Debug\cyfitter_cfg.o
 .comment       0x0000006e       0x6f .\CortexM3\ARM_GCC_541\Debug\cymetadata.o
 .comment       0x0000006e       0x6f .\CortexM3\ARM_GCC_541\Debug\Cm3Start.o
 .comment       0x0000006e       0x6f .\CortexM3\ARM_GCC_541\Debug\Design01.a(UART_1.o)
 .comment       0x0000006e       0x6f .\CortexM3\ARM_GCC_541\Debug\Design01.a(Opamp_1.o)
 .comment       0x0000006e       0x6f .\CortexM3\ARM_GCC_541\Debug\Design01.a(Opamp_2.o)
 .comment       0x0000006e       0x6f .\CortexM3\ARM_GCC_541\Debug\Design01.a(DIGITOS.o)
 .comment       0x0000006e       0x6f .\CortexM3\ARM_GCC_541\Debug\Design01.a(UART_1_IntClock.o)
 .comment       0x0000006e       0x6f .\CortexM3\ARM_GCC_541\Debug\Design01.a(CyLib.o)
 .comment       0x0000006e       0x6f .\CortexM3\ARM_GCC_541\Debug\Design01.a(cyPm.o)
 .comment       0x0000006e       0x6f .\CortexM3\ARM_GCC_541\Debug\Design01.a(Opamp_3.o)
 .comment       0x0000006e       0x6f .\CortexM3\ARM_GCC_541\Debug\Design01.a(isr_tx.o)
 .comment       0x0000006e       0x6f .\CortexM3\ARM_GCC_541\Debug\Design01.a(isr_rx.o)
 .comment       0x0000006e       0x6f .\CortexM3\ARM_GCC_541\Debug\Design01.a(isr_b1.o)
 .comment       0x0000006e       0x6f .\CortexM3\ARM_GCC_541\Debug\Design01.a(isr_b2.o)
 .comment       0x0000006e       0x6f .\CortexM3\ARM_GCC_541\Debug\Design01.a(isr_b3.o)
 .comment       0x0000006e       0x6f .\CortexM3\ARM_GCC_541\Debug\Design01.a(isr_clkDigits.o)
 .comment       0x0000006e       0x6f .\CortexM3\ARM_GCC_541\Debug\Design01.a(Timer_1.o)
 .comment       0x0000006e       0x6f .\CortexM3\ARM_GCC_541\Debug\Design01.a(SS_A.o)
 .comment       0x0000006e       0x6f .\CortexM3\ARM_GCC_541\Debug\Design01.a(SS_B.o)
 .comment       0x0000006e       0x6f .\CortexM3\ARM_GCC_541\Debug\Design01.a(SS_C.o)
 .comment       0x0000006e       0x6f .\CortexM3\ARM_GCC_541\Debug\Design01.a(SS_D.o)
 .comment       0x0000006e       0x6f .\CortexM3\ARM_GCC_541\Debug\Design01.a(SS_E.o)
 .comment       0x0000006e       0x6f .\CortexM3\ARM_GCC_541\Debug\Design01.a(SS_F.o)
 .comment       0x0000006e       0x6f .\CortexM3\ARM_GCC_541\Debug\Design01.a(SS_G.o)
 .comment       0x0000006e       0x6f .\CortexM3\ARM_GCC_541\Debug\Design01.a(SS_P.o)
 .comment       0x0000006e       0x6f .\CortexM3\ARM_GCC_541\Debug\Design01.a(LED_MSB.o)
 .comment       0x0000006e       0x6f .\CortexM3\ARM_GCC_541\Debug\Design01.a(LED_LSB.o)
 .comment       0x0000006e       0x6f .\CortexM3\ARM_GCC_541\Debug\Design01.a(CyFlash.o)
 .comment       0x0000006e       0x6f .\CortexM3\ARM_GCC_541\Debug\Design01.a(CySpc.o)

.debug_weaknames
 *(.debug_weaknames)

.debug_funcnames
 *(.debug_funcnames)

.debug_typenames
 *(.debug_typenames)

.debug_varnames
 *(.debug_varnames)

.note.gnu.arm.ident
 *(.note.gnu.arm.ident)

.ARM.attributes
                0x00000000       0x29
 *(.ARM.attributes)
 .ARM.attributes
                0x00000000       0x1d c:/program files (x86)/cypress/psoc creator/4.4/psoc creator/import/gnu/arm/5.4.1/bin/../lib/gcc/arm-none-eabi/5.4.1/armv7-m/crti.o
 .ARM.attributes
                0x0000001d       0x2d c:/program files (x86)/cypress/psoc creator/4.4/psoc creator/import/gnu/arm/5.4.1/bin/../lib/gcc/arm-none-eabi/5.4.1/armv7-m/crtbegin.o
 .ARM.attributes
                0x0000004a       0x1b c:/program files (x86)/cypress/psoc creator/4.4/psoc creator/import/gnu/arm/5.4.1/bin/../lib/gcc/arm-none-eabi/5.4.1/../../../../arm-none-eabi/lib/armv7-m/crt0.o
 .ARM.attributes
                0x00000065       0x33 .\CortexM3\ARM_GCC_541\Debug\main.o
 .ARM.attributes
                0x00000098       0x33 .\CortexM3\ARM_GCC_541\Debug\cyfitter_cfg.o
 .ARM.attributes
                0x000000cb       0x33 .\CortexM3\ARM_GCC_541\Debug\cymetadata.o
 .ARM.attributes
                0x000000fe       0x33 .\CortexM3\ARM_GCC_541\Debug\Cm3Start.o
 .ARM.attributes
                0x00000131       0x33 .\CortexM3\ARM_GCC_541\Debug\Design01.a(UART_1.o)
 .ARM.attributes
                0x00000164       0x33 .\CortexM3\ARM_GCC_541\Debug\Design01.a(Opamp_1.o)
 .ARM.attributes
                0x00000197       0x33 .\CortexM3\ARM_GCC_541\Debug\Design01.a(Opamp_2.o)
 .ARM.attributes
                0x000001ca       0x33 .\CortexM3\ARM_GCC_541\Debug\Design01.a(DIGITOS.o)
 .ARM.attributes
                0x000001fd       0x33 .\CortexM3\ARM_GCC_541\Debug\Design01.a(UART_1_IntClock.o)
 .ARM.attributes
                0x00000230       0x33 .\CortexM3\ARM_GCC_541\Debug\Design01.a(CyLib.o)
 .ARM.attributes
                0x00000263       0x33 .\CortexM3\ARM_GCC_541\Debug\Design01.a(cyPm.o)
 .ARM.attributes
                0x00000296       0x33 .\CortexM3\ARM_GCC_541\Debug\Design01.a(Opamp_3.o)
 .ARM.attributes
                0x000002c9       0x33 .\CortexM3\ARM_GCC_541\Debug\Design01.a(isr_tx.o)
 .ARM.attributes
                0x000002fc       0x33 .\CortexM3\ARM_GCC_541\Debug\Design01.a(isr_rx.o)
 .ARM.attributes
                0x0000032f       0x33 .\CortexM3\ARM_GCC_541\Debug\Design01.a(isr_b1.o)
 .ARM.attributes
                0x00000362       0x33 .\CortexM3\ARM_GCC_541\Debug\Design01.a(isr_b2.o)
 .ARM.attributes
                0x00000395       0x33 .\CortexM3\ARM_GCC_541\Debug\Design01.a(isr_b3.o)
 .ARM.attributes
                0x000003c8       0x33 .\CortexM3\ARM_GCC_541\Debug\Design01.a(isr_clkDigits.o)
 .ARM.attributes
                0x000003fb       0x33 .\CortexM3\ARM_GCC_541\Debug\Design01.a(Timer_1.o)
 .ARM.attributes
                0x0000042e       0x33 .\CortexM3\ARM_GCC_541\Debug\Design01.a(SS_A.o)
 .ARM.attributes
                0x00000461       0x33 .\CortexM3\ARM_GCC_541\Debug\Design01.a(SS_B.o)
 .ARM.attributes
                0x00000494       0x33 .\CortexM3\ARM_GCC_541\Debug\Design01.a(SS_C.o)
 .ARM.attributes
                0x000004c7       0x33 .\CortexM3\ARM_GCC_541\Debug\Design01.a(SS_D.o)
 .ARM.attributes
                0x000004fa       0x33 .\CortexM3\ARM_GCC_541\Debug\Design01.a(SS_E.o)
 .ARM.attributes
                0x0000052d       0x33 .\CortexM3\ARM_GCC_541\Debug\Design01.a(SS_F.o)
 .ARM.attributes
                0x00000560       0x33 .\CortexM3\ARM_GCC_541\Debug\Design01.a(SS_G.o)
 .ARM.attributes
                0x00000593       0x33 .\CortexM3\ARM_GCC_541\Debug\Design01.a(SS_P.o)
 .ARM.attributes
                0x000005c6       0x33 .\CortexM3\ARM_GCC_541\Debug\Design01.a(LED_MSB.o)
 .ARM.attributes
                0x000005f9       0x33 .\CortexM3\ARM_GCC_541\Debug\Design01.a(LED_LSB.o)
 .ARM.attributes
                0x0000062c       0x21 .\CortexM3\ARM_GCC_541\Debug\Design01.a(CyBootAsmGnu.o)
 .ARM.attributes
                0x0000064d       0x33 .\CortexM3\ARM_GCC_541\Debug\Design01.a(CyFlash.o)
 .ARM.attributes
                0x00000680       0x33 .\CortexM3\ARM_GCC_541\Debug\Design01.a(CySpc.o)
 .ARM.attributes
                0x000006b3       0x2d c:/program files (x86)/cypress/psoc creator/4.4/psoc creator/import/gnu/arm/5.4.1/bin/../lib/gcc/arm-none-eabi/5.4.1/../../../../arm-none-eabi/lib/armv7-m\libg_nano.a(lib_a-errno.o)
 .ARM.attributes
                0x000006e0       0x2d c:/program files (x86)/cypress/psoc creator/4.4/psoc creator/import/gnu/arm/5.4.1/bin/../lib/gcc/arm-none-eabi/5.4.1/../../../../arm-none-eabi/lib/armv7-m\libg_nano.a(lib_a-exit.o)
 .ARM.attributes
                0x0000070d       0x2d c:/program files (x86)/cypress/psoc creator/4.4/psoc creator/import/gnu/arm/5.4.1/bin/../lib/gcc/arm-none-eabi/5.4.1/../../../../arm-none-eabi/lib/armv7-m\libg_nano.a(lib_a-impure.o)
 .ARM.attributes
                0x0000073a       0x2d c:/program files (x86)/cypress/psoc creator/4.4/psoc creator/import/gnu/arm/5.4.1/bin/../lib/gcc/arm-none-eabi/5.4.1/../../../../arm-none-eabi/lib/armv7-m\libg_nano.a(lib_a-init.o)
 .ARM.attributes
                0x00000767       0x2d c:/program files (x86)/cypress/psoc creator/4.4/psoc creator/import/gnu/arm/5.4.1/bin/../lib/gcc/arm-none-eabi/5.4.1/../../../../arm-none-eabi/lib/armv7-m\libg_nano.a(lib_a-memcpy-stub.o)
 .ARM.attributes
                0x00000794       0x2d c:/program files (x86)/cypress/psoc creator/4.4/psoc creator/import/gnu/arm/5.4.1/bin/../lib/gcc/arm-none-eabi/5.4.1/../../../../arm-none-eabi/lib/armv7-m\libg_nano.a(lib_a-memset.o)
 .ARM.attributes
                0x000007c1       0x2d c:/program files (x86)/cypress/psoc creator/4.4/psoc creator/import/gnu/arm/5.4.1/bin/../lib/gcc/arm-none-eabi/5.4.1/armv7-m/crtend.o
 .ARM.attributes
                0x000007ee       0x1d c:/program files (x86)/cypress/psoc creator/4.4/psoc creator/import/gnu/arm/5.4.1/bin/../lib/gcc/arm-none-eabi/5.4.1/armv7-m/crtn.o

/DISCARD/
 *(.note.GNU-stack)
OUTPUT(C:\Users\Alessandro\Downloads\V13\Design01.cydsn\CortexM3\ARM_GCC_541\Debug\Design01.elf elf32-littlearm)
